Archive member included to satisfy reference by file (symbol)

/Users/mdupont/.p2/pool/plugins/fr.ac6.mcu.externaltools.arm-none.macos64_1.15.0.201708311556/tools/compiler/bin/../lib/gcc/arm-none-eabi/6.3.1/../../../../arm-none-eabi/lib/thumb/v7e-m/fpv4-sp/hard/libc_nano.a(lib_a-exit.o)
                              /Users/mdupont/.p2/pool/plugins/fr.ac6.mcu.externaltools.arm-none.macos64_1.15.0.201708311556/tools/compiler/bin/../lib/gcc/arm-none-eabi/6.3.1/../../../../arm-none-eabi/lib/thumb/v7e-m/fpv4-sp/hard/crt0.o (exit)
/Users/mdupont/.p2/pool/plugins/fr.ac6.mcu.externaltools.arm-none.macos64_1.15.0.201708311556/tools/compiler/bin/../lib/gcc/arm-none-eabi/6.3.1/../../../../arm-none-eabi/lib/thumb/v7e-m/fpv4-sp/hard/libc_nano.a(lib_a-impure.o)
                              /Users/mdupont/.p2/pool/plugins/fr.ac6.mcu.externaltools.arm-none.macos64_1.15.0.201708311556/tools/compiler/bin/../lib/gcc/arm-none-eabi/6.3.1/../../../../arm-none-eabi/lib/thumb/v7e-m/fpv4-sp/hard/libc_nano.a(lib_a-exit.o) (_global_impure_ptr)
/Users/mdupont/.p2/pool/plugins/fr.ac6.mcu.externaltools.arm-none.macos64_1.15.0.201708311556/tools/compiler/bin/../lib/gcc/arm-none-eabi/6.3.1/../../../../arm-none-eabi/lib/thumb/v7e-m/fpv4-sp/hard/libc_nano.a(lib_a-init.o)
                              /Users/mdupont/.p2/pool/plugins/fr.ac6.mcu.externaltools.arm-none.macos64_1.15.0.201708311556/tools/compiler/bin/../lib/gcc/arm-none-eabi/6.3.1/../../../../arm-none-eabi/lib/thumb/v7e-m/fpv4-sp/hard/crt0.o (__libc_init_array)
/Users/mdupont/.p2/pool/plugins/fr.ac6.mcu.externaltools.arm-none.macos64_1.15.0.201708311556/tools/compiler/bin/../lib/gcc/arm-none-eabi/6.3.1/../../../../arm-none-eabi/lib/thumb/v7e-m/fpv4-sp/hard/libc_nano.a(lib_a-locale.o)
                              Src/CharQueue.o (__locale_ctype_ptr)
/Users/mdupont/.p2/pool/plugins/fr.ac6.mcu.externaltools.arm-none.macos64_1.15.0.201708311556/tools/compiler/bin/../lib/gcc/arm-none-eabi/6.3.1/../../../../arm-none-eabi/lib/thumb/v7e-m/fpv4-sp/hard/libc_nano.a(lib_a-mbtowc_r.o)
                              /Users/mdupont/.p2/pool/plugins/fr.ac6.mcu.externaltools.arm-none.macos64_1.15.0.201708311556/tools/compiler/bin/../lib/gcc/arm-none-eabi/6.3.1/../../../../arm-none-eabi/lib/thumb/v7e-m/fpv4-sp/hard/libc_nano.a(lib_a-locale.o) (__ascii_mbtowc)
/Users/mdupont/.p2/pool/plugins/fr.ac6.mcu.externaltools.arm-none.macos64_1.15.0.201708311556/tools/compiler/bin/../lib/gcc/arm-none-eabi/6.3.1/../../../../arm-none-eabi/lib/thumb/v7e-m/fpv4-sp/hard/libc_nano.a(lib_a-memcpy-stub.o)
                              Middlewares/Third_Party/FreeRTOS/Source/queue.o (memcpy)
/Users/mdupont/.p2/pool/plugins/fr.ac6.mcu.externaltools.arm-none.macos64_1.15.0.201708311556/tools/compiler/bin/../lib/gcc/arm-none-eabi/6.3.1/../../../../arm-none-eabi/lib/thumb/v7e-m/fpv4-sp/hard/libc_nano.a(lib_a-memset.o)
                              /Users/mdupont/.p2/pool/plugins/fr.ac6.mcu.externaltools.arm-none.macos64_1.15.0.201708311556/tools/compiler/bin/../lib/gcc/arm-none-eabi/6.3.1/../../../../arm-none-eabi/lib/thumb/v7e-m/fpv4-sp/hard/crt0.o (memset)
/Users/mdupont/.p2/pool/plugins/fr.ac6.mcu.externaltools.arm-none.macos64_1.15.0.201708311556/tools/compiler/bin/../lib/gcc/arm-none-eabi/6.3.1/../../../../arm-none-eabi/lib/thumb/v7e-m/fpv4-sp/hard/libc_nano.a(lib_a-sprintf.o)
                              Src/FlashSupport.o (sprintf)
/Users/mdupont/.p2/pool/plugins/fr.ac6.mcu.externaltools.arm-none.macos64_1.15.0.201708311556/tools/compiler/bin/../lib/gcc/arm-none-eabi/6.3.1/../../../../arm-none-eabi/lib/thumb/v7e-m/fpv4-sp/hard/libc_nano.a(lib_a-sscanf.o)
                              Src/UARTHandler.o (sscanf)
/Users/mdupont/.p2/pool/plugins/fr.ac6.mcu.externaltools.arm-none.macos64_1.15.0.201708311556/tools/compiler/bin/../lib/gcc/arm-none-eabi/6.3.1/../../../../arm-none-eabi/lib/thumb/v7e-m/fpv4-sp/hard/libc_nano.a(lib_a-stdio.o)
                              /Users/mdupont/.p2/pool/plugins/fr.ac6.mcu.externaltools.arm-none.macos64_1.15.0.201708311556/tools/compiler/bin/../lib/gcc/arm-none-eabi/6.3.1/../../../../arm-none-eabi/lib/thumb/v7e-m/fpv4-sp/hard/libc_nano.a(lib_a-sscanf.o) (__seofread)
/Users/mdupont/.p2/pool/plugins/fr.ac6.mcu.externaltools.arm-none.macos64_1.15.0.201708311556/tools/compiler/bin/../lib/gcc/arm-none-eabi/6.3.1/../../../../arm-none-eabi/lib/thumb/v7e-m/fpv4-sp/hard/libc_nano.a(lib_a-strcmp.o)
                              Src/UARTHandler.o (strcmp)
/Users/mdupont/.p2/pool/plugins/fr.ac6.mcu.externaltools.arm-none.macos64_1.15.0.201708311556/tools/compiler/bin/../lib/gcc/arm-none-eabi/6.3.1/../../../../arm-none-eabi/lib/thumb/v7e-m/fpv4-sp/hard/libc_nano.a(lib_a-strlen.o)
                              Src/UARTHandler.o (strlen)
/Users/mdupont/.p2/pool/plugins/fr.ac6.mcu.externaltools.arm-none.macos64_1.15.0.201708311556/tools/compiler/bin/../lib/gcc/arm-none-eabi/6.3.1/../../../../arm-none-eabi/lib/thumb/v7e-m/fpv4-sp/hard/libc_nano.a(lib_a-strstr.o)
[...]
Memory Configuration

Name             Origin             Length             Attributes
RAM              0x0000000020000000 0x0000000000010000 xrw
CCMRAM           0x0000000010000000 0x0000000000004000 rw
FLASH            0x0000000008000000 0x0000000000080000 xr
*default*        0x0000000000000000 0xffffffffffffffff

Linker script and memory map

LOAD /Users/mdupont/.p2/pool/plugins/fr.ac6.mcu.externaltools.arm-none.macos64_1.15.0.201708311556/tools/compiler/bin/../lib/gcc/arm-none-eabi/6.3.1/thumb/v7e-m/fpv4-sp/hard/crti.o
LOAD /Users/mdupont/.p2/pool/plugins/fr.ac6.mcu.externaltools.arm-none.macos64_1.15.0.201708311556/tools/compiler/bin/../lib/gcc/arm-none-eabi/6.3.1/thumb/v7e-m/fpv4-sp/hard/crtbegin.o
LOAD /Users/mdupont/.p2/pool/plugins/fr.ac6.mcu.externaltools.arm-none.macos64_1.15.0.201708311556/tools/compiler/bin/../lib/gcc/arm-none-eabi/6.3.1/../../../../arm-none-eabi/lib/thumb/v7e-m/fpv4-sp/hard/crt0.o
LOAD Drivers/STM32F3xx_HAL_Driver/Src/stm32f3xx_hal.o
LOAD Drivers/STM32F3xx_HAL_Driver/Src/stm32f3xx_hal_can.o
LOAD Drivers/STM32F3xx_HAL_Driver/Src/stm32f3xx_hal_cortex.o
LOAD Drivers/STM32F3xx_HAL_Driver/Src/stm32f3xx_hal_dma.o
LOAD Drivers/STM32F3xx_HAL_Driver/Src/stm32f3xx_hal_flash.o
LOAD Drivers/STM32F3xx_HAL_Driver/Src/stm32f3xx_hal_flash_ex.o
LOAD Drivers/STM32F3xx_HAL_Driver/Src/stm32f3xx_hal_gpio.o
LOAD Drivers/STM32F3xx_HAL_Driver/Src/stm32f3xx_hal_i2c.o
LOAD Drivers/STM32F3xx_HAL_Driver/Src/stm32f3xx_hal_i2c_ex.o
LOAD Drivers/STM32F3xx_HAL_Driver/Src/stm32f3xx_hal_pwr.o
LOAD Drivers/STM32F3xx_HAL_Driver/Src/stm32f3xx_hal_pwr_ex.o
LOAD Drivers/STM32F3xx_HAL_Driver/Src/stm32f3xx_hal_rcc.o
LOAD Drivers/STM32F3xx_HAL_Driver/Src/stm32f3xx_hal_rcc_ex.o
LOAD Drivers/STM32F3xx_HAL_Driver/Src/stm32f3xx_hal_tim.o
LOAD Drivers/STM32F3xx_HAL_Driver/Src/stm32f3xx_hal_tim_ex.o
LOAD Drivers/STM32F3xx_HAL_Driver/Src/stm32f3xx_hal_uart.o
LOAD Drivers/STM32F3xx_HAL_Driver/Src/stm32f3xx_hal_uart_ex.o
LOAD Middlewares/Third_Party/FreeRTOS/Source/CMSIS_RTOS/cmsis_os.o
LOAD Middlewares/Third_Party/FreeRTOS/Source/croutine.o
LOAD Middlewares/Third_Party/FreeRTOS/Source/event_groups.o
LOAD Middlewares/Third_Party/FreeRTOS/Source/list.o
LOAD Middlewares/Third_Party/FreeRTOS/Source/queue.o
LOAD Middlewares/Third_Party/FreeRTOS/Source/tasks.o
LOAD Middlewares/Third_Party/FreeRTOS/Source/timers.o
LOAD Middlewares/Third_Party/FreeRTOS/Source/portable/GCC/ARM_CM4F/port.o
LOAD Middlewares/Third_Party/FreeRTOS/Source/portable/MemMang/heap_4.o
LOAD Src/CANHandler.o
LOAD Src/CharQueue.o
LOAD Src/FlashSupport.o
LOAD Src/UARTHandler.o
LOAD Src/can.o
LOAD Src/freertos.o
LOAD Src/gpio.o
LOAD Src/main.o
LOAD Src/stm32f3xx_hal_msp.o
LOAD Src/stm32f3xx_it.o
LOAD Src/system_stm32f3xx.o
LOAD Src/usart.o
LOAD startup/startup_stm32f303xe.o
LOAD /Users/mdupont/.p2/pool/plugins/fr.ac6.mcu.externaltools.arm-none.macos64_1.15.0.201708311556/tools/compiler/bin/../lib/gcc/arm-none-eabi/6.3.1/../../../../arm-none-eabi/lib/thumb/v7e-m/fpv4-sp/hard/libm.a
START GROUP
LOAD /Users/mdupont/.p2/pool/plugins/fr.ac6.mcu.externaltools.arm-none.macos64_1.15.0.201708311556/tools/compiler/bin/../lib/gcc/arm-none-eabi/6.3.1/thumb/v7e-m/fpv4-sp/hard/libgcc.a
LOAD /Users/mdupont/.p2/pool/plugins/fr.ac6.mcu.externaltools.arm-none.macos64_1.15.0.201708311556/tools/compiler/bin/../lib/gcc/arm-none-eabi/6.3.1/../../../../arm-none-eabi/lib/thumb/v7e-m/fpv4-sp/hard/libc_nano.a
END GROUP
START GROUP
LOAD /Users/mdupont/.p2/pool/plugins/fr.ac6.mcu.externaltools.arm-none.macos64_1.15.0.201708311556/tools/compiler/bin/../lib/gcc/arm-none-eabi/6.3.1/thumb/v7e-m/fpv4-sp/hard/libgcc.a
LOAD /Users/mdupont/.p2/pool/plugins/fr.ac6.mcu.externaltools.arm-none.macos64_1.15.0.201708311556/tools/compiler/bin/../lib/gcc/arm-none-eabi/6.3.1/../../../../arm-none-eabi/lib/thumb/v7e-m/fpv4-sp/hard/libc_nano.a
LOAD /Users/mdupont/.p2/pool/plugins/fr.ac6.mcu.externaltools.arm-none.macos64_1.15.0.201708311556/tools/compiler/bin/../lib/gcc/arm-none-eabi/6.3.1/../../../../arm-none-eabi/lib/thumb/v7e-m/fpv4-sp/hard/libnosys.a
END GROUP
START GROUP
LOAD /Users/mdupont/.p2/pool/plugins/fr.ac6.mcu.externaltools.arm-none.macos64_1.15.0.201708311556/tools/compiler/bin/../lib/gcc/arm-none-eabi/6.3.1/thumb/v7e-m/fpv4-sp/hard/libgcc.a
LOAD /Users/mdupont/.p2/pool/plugins/fr.ac6.mcu.externaltools.arm-none.macos64_1.15.0.201708311556/tools/compiler/bin/../lib/gcc/arm-none-eabi/6.3.1/../../../../arm-none-eabi/lib/thumb/v7e-m/fpv4-sp/hard/libc_nano.a
LOAD /Users/mdupont/.p2/pool/plugins/fr.ac6.mcu.externaltools.arm-none.macos64_1.15.0.201708311556/tools/compiler/bin/../lib/gcc/arm-none-eabi/6.3.1/../../../../arm-none-eabi/lib/thumb/v7e-m/fpv4-sp/hard/libnosys.a
END GROUP
LOAD /Users/mdupont/.p2/pool/plugins/fr.ac6.mcu.externaltools.arm-none.macos64_1.15.0.201708311556/tools/compiler/bin/../lib/gcc/arm-none-eabi/6.3.1/thumb/v7e-m/fpv4-sp/hard/crtend.o
LOAD /Users/mdupont/.p2/pool/plugins/fr.ac6.mcu.externaltools.arm-none.macos64_1.15.0.201708311556/tools/compiler/bin/../lib/gcc/arm-none-eabi/6.3.1/thumb/v7e-m/fpv4-sp/hard/crtn.o
                0x0000000020010000                _estack = 0x20010000
                0x0000000000000200                _Min_Heap_Size = 0x200
                0x0000000000000400                _Min_Stack_Size = 0x400

.isr_vector     0x0000000008000000      0x194
                0x0000000008000000                . = ALIGN (0x4)
 *(.isr_vector)
 .isr_vector    0x0000000008000000      0x194 startup/startup_stm32f303xe.o
                0x0000000008000000                g_pfnVectors
                0x0000000008000194                . = ALIGN (0x4)

.text           0x00000000080001a0     0x7830
                0x00000000080001a0                . = ALIGN (0x4)
 *(.text)
 .text          0x00000000080001a0       0x6c /Users/mdupont/.p2/pool/plugins/fr.ac6.mcu.externaltools.arm-none.macos64_1.15.0.201708311556/tools/compiler/bin/../lib/gcc/arm-none-eabi/6.3.1/thumb/v7e-m/fpv4-sp/hard/crtbegin.o
 .text          0x000000000800020c       0x14 /Users/mdupont/.p2/pool/plugins/fr.ac6.mcu.externaltools.arm-none.macos64_1.15.0.201708311556/tools/compiler/bin/../lib/gcc/arm-none-eabi/6.3.1/../../../../arm-none-eabi/lib/thumb/v7e-m/fpv4-sp/hard/libc_nano.a(lib_a-strcmp.o)
                0x000000000800020c                strcmp
 .text          0x0000000008000220       0x10 /Users/mdupont/.p2/pool/plugins/fr.ac6.mcu.externaltools.arm-none.macos64_1.15.0.201708311556/tools/compiler/bin/../lib/gcc/arm-none-eabi/6.3.1/../../../../arm-none-eabi/lib/thumb/v7e-m/fpv4-sp/hard/libc_nano.a(lib_a-strlen.o)
                0x0000000008000220                strlen
 .text          0x0000000008000230       0xa0 /Users/mdupont/.p2/pool/plugins/fr.ac6.mcu.externaltools.arm-none.macos64_1.15.0.201708311556/tools/compiler/bin/../lib/gcc/arm-none-eabi/6.3.1/../../../../arm-none-eabi/lib/thumb/v7e-m/fpv4-sp/hard/libc_nano.a(lib_a-memchr.o)
                0x0000000008000230                memchr
 *(.text*)
 .text.HAL_InitTick
                0x00000000080002d0       0x48 Drivers/STM32F3xx_HAL_Driver/Src/stm32f3xx_hal.o
                0x00000000080002d0                HAL_InitTick
 .text.HAL_Init
                0x0000000008000318       0x24 Drivers/STM32F3xx_HAL_Driver/Src/stm32f3xx_hal.o
                0x0000000008000318                HAL_Init
 .text.HAL_IncTick
                0x000000000800033c       0x18 Drivers/STM32F3xx_HAL_Driver/Src/stm32f3xx_hal.o
                0x000000000800033c                HAL_IncTick
 .text.HAL_GetTick
                0x0000000008000354        0xc Drivers/STM32F3xx_HAL_Driver/Src/stm32f3xx_hal.o
                0x0000000008000354                HAL_GetTick
 .text.HAL_CAN_Init
                0x0000000008000360      0x14c Drivers/STM32F3xx_HAL_Driver/Src/stm32f3xx_hal_can.o
                0x0000000008000360                HAL_CAN_Init
 .text.HAL_CAN_ConfigFilter
                0x00000000080004ac       0xfc Drivers/STM32F3xx_HAL_Driver/Src/stm32f3xx_hal_can.o
                0x00000000080004ac                HAL_CAN_ConfigFilter
 .text.HAL_CAN_Start
                0x00000000080005a8       0x5c Drivers/STM32F3xx_HAL_Driver/Src/stm32f3xx_hal_can.o
                0x00000000080005a8                HAL_CAN_Start
 .text.HAL_CAN_Stop
                0x0000000008000604       0x62 Drivers/STM32F3xx_HAL_Driver/Src/stm32f3xx_hal_can.o
                0x0000000008000604                HAL_CAN_Stop
 .text.HAL_CAN_AddTxMessage
                0x0000000008000666       0xea Drivers/STM32F3xx_HAL_Driver/Src/stm32f3xx_hal_can.o
                0x0000000008000666                HAL_CAN_AddTxMessage
 .text.HAL_CAN_GetRxMessage
                0x0000000008000750      0x134 Drivers/STM32F3xx_HAL_Driver/Src/stm32f3xx_hal_can.o
                0x0000000008000750                HAL_CAN_GetRxMessage
 .text.HAL_CAN_ActivateNotification
                0x0000000008000884       0x24 Drivers/STM32F3xx_HAL_Driver/Src/stm32f3xx_hal_can.o
                0x0000000008000884                HAL_CAN_ActivateNotification
 .text.HAL_CAN_TxMailbox0CompleteCallback
                0x00000000080008a8        0x2 Drivers/STM32F3xx_HAL_Driver/Src/stm32f3xx_hal_can.o
                0x00000000080008a8                HAL_CAN_TxMailbox0CompleteCallback
 .text.HAL_CAN_TxMailbox1CompleteCallback
                0x00000000080008aa        0x2 Drivers/STM32F3xx_HAL_Driver/Src/stm32f3xx_hal_can.o
                0x00000000080008aa                HAL_CAN_TxMailbox1CompleteCallback
 .text.HAL_CAN_TxMailbox2CompleteCallback
                0x00000000080008ac        0x2 Drivers/STM32F3xx_HAL_Driver/Src/stm32f3xx_hal_can.o
                0x00000000080008ac                HAL_CAN_TxMailbox2CompleteCallback
 .text.HAL_CAN_TxMailbox0AbortCallback
                0x00000000080008ae        0x2 Drivers/STM32F3xx_HAL_Driver/Src/stm32f3xx_hal_can.o
                0x00000000080008ae                HAL_CAN_TxMailbox0AbortCallback
 .text.HAL_CAN_TxMailbox1AbortCallback
                0x00000000080008b0        0x2 Drivers/STM32F3xx_HAL_Driver/Src/stm32f3xx_hal_can.o
                0x00000000080008b0                HAL_CAN_TxMailbox1AbortCallback
 .text.HAL_CAN_TxMailbox2AbortCallback
                0x00000000080008b2        0x2 Drivers/STM32F3xx_HAL_Driver/Src/stm32f3xx_hal_can.o
                0x00000000080008b2                HAL_CAN_TxMailbox2AbortCallback
 .text.HAL_CAN_RxFifo0FullCallback
                0x00000000080008b4        0x2 Drivers/STM32F3xx_HAL_Driver/Src/stm32f3xx_hal_can.o
                0x00000000080008b4                HAL_CAN_RxFifo0FullCallback
 .text.HAL_CAN_RxFifo1FullCallback
                0x00000000080008b6        0x2 Drivers/STM32F3xx_HAL_Driver/Src/stm32f3xx_hal_can.o
                0x00000000080008b6                HAL_CAN_RxFifo1FullCallback
 .text.HAL_CAN_SleepCallback
                0x00000000080008b8        0x2 Drivers/STM32F3xx_HAL_Driver/Src/stm32f3xx_hal_can.o
                0x00000000080008b8                HAL_CAN_SleepCallback
 .text.HAL_CAN_WakeUpFromRxMsgCallback
                0x00000000080008ba        0x2 Drivers/STM32F3xx_HAL_Driver/Src/stm32f3xx_hal_can.o
                0x00000000080008ba                HAL_CAN_WakeUpFromRxMsgCallback
 .text.HAL_CAN_IRQHandler
                0x00000000080008bc      0x258 Drivers/STM32F3xx_HAL_Driver/Src/stm32f3xx_hal_can.o
                0x00000000080008bc                HAL_CAN_IRQHandler
 .text.HAL_NVIC_SetPriorityGrouping
                0x0000000008000b14       0x24 Drivers/STM32F3xx_HAL_Driver/Src/stm32f3xx_hal_cortex.o
                0x0000000008000b14                HAL_NVIC_SetPriorityGrouping
 .text.HAL_NVIC_SetPriority
                0x0000000008000b38       0x64 Drivers/STM32F3xx_HAL_Driver/Src/stm32f3xx_hal_cortex.o
                0x0000000008000b38                HAL_NVIC_SetPriority
 .text.HAL_NVIC_EnableIRQ
                0x0000000008000b9c       0x18 Drivers/STM32F3xx_HAL_Driver/Src/stm32f3xx_hal_cortex.o
                0x0000000008000b9c                HAL_NVIC_EnableIRQ
 .text.HAL_SYSTICK_Config
                0x0000000008000bb4       0x2c Drivers/STM32F3xx_HAL_Driver/Src/stm32f3xx_hal_cortex.o
                0x0000000008000bb4                HAL_SYSTICK_Config
 .text.HAL_SYSTICK_CLKSourceConfig
                0x0000000008000be0       0x20 Drivers/STM32F3xx_HAL_Driver/Src/stm32f3xx_hal_cortex.o
                0x0000000008000be0                HAL_SYSTICK_CLKSourceConfig
 .text.HAL_DMA_Abort
                0x0000000008000c00       0x2e Drivers/STM32F3xx_HAL_Driver/Src/stm32f3xx_hal_dma.o
                0x0000000008000c00                HAL_DMA_Abort
 .text.HAL_DMA_Abort_IT
                0x0000000008000c2e       0x4a Drivers/STM32F3xx_HAL_Driver/Src/stm32f3xx_hal_dma.o
                0x0000000008000c2e                HAL_DMA_Abort_IT
 .text.FLASH_Program_HalfWord
                0x0000000008000c78       0x1c Drivers/STM32F3xx_HAL_Driver/Src/stm32f3xx_hal_flash.o
 .text.FLASH_SetErrorCode
                0x0000000008000c94       0x40 Drivers/STM32F3xx_HAL_Driver/Src/stm32f3xx_hal_flash.o
 .text.HAL_FLASH_Unlock
                0x0000000008000cd4       0x34 Drivers/STM32F3xx_HAL_Driver/Src/stm32f3xx_hal_flash.o
                0x0000000008000cd4                HAL_FLASH_Unlock
 .text.HAL_FLASH_Lock
                0x0000000008000d08       0x14 Drivers/STM32F3xx_HAL_Driver/Src/stm32f3xx_hal_flash.o
                0x0000000008000d08                HAL_FLASH_Lock
 .text.FLASH_WaitForLastOperation
                0x0000000008000d1c       0x64 Drivers/STM32F3xx_HAL_Driver/Src/stm32f3xx_hal_flash.o
                0x0000000008000d1c                FLASH_WaitForLastOperation
 .text.HAL_FLASH_Program
                0x0000000008000d80       0x9c Drivers/STM32F3xx_HAL_Driver/Src/stm32f3xx_hal_flash.o
                0x0000000008000d80                HAL_FLASH_Program
 .text.FLASH_PageErase
                0x0000000008000e1c       0x24 Drivers/STM32F3xx_HAL_Driver/Src/stm32f3xx_hal_flash_ex.o
                0x0000000008000e1c                FLASH_PageErase
 .text.HAL_GPIO_Init
                0x0000000008000e40      0x1b4 Drivers/STM32F3xx_HAL_Driver/Src/stm32f3xx_hal_gpio.o
                0x0000000008000e40                HAL_GPIO_Init
 .text.HAL_GPIO_ReadPin
                0x0000000008000ff4        0xe Drivers/STM32F3xx_HAL_Driver/Src/stm32f3xx_hal_gpio.o
                0x0000000008000ff4                HAL_GPIO_ReadPin
 .text.HAL_GPIO_WritePin
                0x0000000008001002        0xa Drivers/STM32F3xx_HAL_Driver/Src/stm32f3xx_hal_gpio.o
                0x0000000008001002                HAL_GPIO_WritePin
 .text.HAL_GPIO_TogglePin
                0x000000000800100c        0x8 Drivers/STM32F3xx_HAL_Driver/Src/stm32f3xx_hal_gpio.o
                0x000000000800100c                HAL_GPIO_TogglePin
 .text.HAL_GPIO_EXTI_IRQHandler
                0x0000000008001014       0x1c Drivers/STM32F3xx_HAL_Driver/Src/stm32f3xx_hal_gpio.o
                0x0000000008001014                HAL_GPIO_EXTI_IRQHandler
 .text.HAL_RCC_OscConfig
                0x0000000008001030      0x61c Drivers/STM32F3xx_HAL_Driver/Src/stm32f3xx_hal_rcc.o
                0x0000000008001030                HAL_RCC_OscConfig
 .text.HAL_RCC_GetSysClockFreq
                0x000000000800164c       0x70 Drivers/STM32F3xx_HAL_Driver/Src/stm32f3xx_hal_rcc.o
                0x000000000800164c                HAL_RCC_GetSysClockFreq
 .text.HAL_RCC_ClockConfig
                0x00000000080016bc      0x1a0 Drivers/STM32F3xx_HAL_Driver/Src/stm32f3xx_hal_rcc.o
                0x00000000080016bc                HAL_RCC_ClockConfig
 .text.HAL_RCC_GetHCLKFreq
                0x000000000800185c        0xc Drivers/STM32F3xx_HAL_Driver/Src/stm32f3xx_hal_rcc.o
                0x000000000800185c                HAL_RCC_GetHCLKFreq
 .text.HAL_RCC_GetPCLK1Freq
                0x0000000008001868       0x2c Drivers/STM32F3xx_HAL_Driver/Src/stm32f3xx_hal_rcc.o
                0x0000000008001868                HAL_RCC_GetPCLK1Freq
 .text.HAL_RCC_GetPCLK2Freq
                0x0000000008001894       0x2c Drivers/STM32F3xx_HAL_Driver/Src/stm32f3xx_hal_rcc.o
                0x0000000008001894                HAL_RCC_GetPCLK2Freq
 .text.HAL_RCCEx_PeriphCLKConfig
                0x00000000080018c0      0x308 Drivers/STM32F3xx_HAL_Driver/Src/stm32f3xx_hal_rcc_ex.o
                0x00000000080018c0                HAL_RCCEx_PeriphCLKConfig
 .text.UART_EndRxTransfer
                0x0000000008001bc8       0x1c Drivers/STM32F3xx_HAL_Driver/Src/stm32f3xx_hal_uart.o
 .text.HAL_UART_Transmit_IT
                0x0000000008001be4       0x4c Drivers/STM32F3xx_HAL_Driver/Src/stm32f3xx_hal_uart.o
                0x0000000008001be4                HAL_UART_Transmit_IT
 .text.HAL_UART_Receive_IT
                0x0000000008001c30       0xae Drivers/STM32F3xx_HAL_Driver/Src/stm32f3xx_hal_uart.o
                0x0000000008001c30                HAL_UART_Receive_IT
 .text.HAL_UART_AbortReceive
                0x0000000008001cde       0x4c Drivers/STM32F3xx_HAL_Driver/Src/stm32f3xx_hal_uart.o
                0x0000000008001cde                HAL_UART_AbortReceive
 .text.HAL_UART_ErrorCallback
                0x0000000008001d2a        0x2 Drivers/STM32F3xx_HAL_Driver/Src/stm32f3xx_hal_uart.o
                0x0000000008001d2a                HAL_UART_ErrorCallback
 .text.UART_DMAAbortOnError
                0x0000000008001d2c       0x14 Drivers/STM32F3xx_HAL_Driver/Src/stm32f3xx_hal_uart.o
 .text.HAL_UART_AbortCpltCallback
                0x0000000008001d40        0x2 Drivers/STM32F3xx_HAL_Driver/Src/stm32f3xx_hal_uart.o
                0x0000000008001d40                HAL_UART_AbortCpltCallback
 *fill*         0x0000000008001d42        0x2 
 .text.HAL_UART_Abort_IT
                0x0000000008001d44       0xd4 Drivers/STM32F3xx_HAL_Driver/Src/stm32f3xx_hal_uart.o
                0x0000000008001d44                HAL_UART_Abort_IT
 .text.UART_DMARxAbortCallback
                0x0000000008001e18       0x36 Drivers/STM32F3xx_HAL_Driver/Src/stm32f3xx_hal_uart.o
 .text.UART_DMATxAbortCallback
                0x0000000008001e4e       0x36 Drivers/STM32F3xx_HAL_Driver/Src/stm32f3xx_hal_uart.o
 .text.HAL_UART_GetState
                0x0000000008001e84        0xc Drivers/STM32F3xx_HAL_Driver/Src/stm32f3xx_hal_uart.o
                0x0000000008001e84                HAL_UART_GetState
 .text.UART_SetConfig
                0x0000000008001e90      0x29c Drivers/STM32F3xx_HAL_Driver/Src/stm32f3xx_hal_uart.o
                0x0000000008001e90                UART_SetConfig
 .text.UART_AdvFeatureConfig
                0x000000000800212c       0xca Drivers/STM32F3xx_HAL_Driver/Src/stm32f3xx_hal_uart.o
                0x000000000800212c                UART_AdvFeatureConfig
 .text.UART_WaitOnFlagUntilTimeout
                0x00000000080021f6       0x64 Drivers/STM32F3xx_HAL_Driver/Src/stm32f3xx_hal_uart.o
                0x00000000080021f6                UART_WaitOnFlagUntilTimeout
 .text.UART_CheckIdleState
                0x000000000800225a       0x70 Drivers/STM32F3xx_HAL_Driver/Src/stm32f3xx_hal_uart.o
                0x000000000800225a                UART_CheckIdleState
 .text.HAL_UART_Init
                0x00000000080022ca       0x68 Drivers/STM32F3xx_HAL_Driver/Src/stm32f3xx_hal_uart.o
                0x00000000080022ca                HAL_UART_Init
 .text.UART_Transmit_IT
                0x0000000008002332       0x6e Drivers/STM32F3xx_HAL_Driver/Src/stm32f3xx_hal_uart.o
                0x0000000008002332                UART_Transmit_IT
 .text.UART_EndTransmit_IT
                0x00000000080023a0       0x1a Drivers/STM32F3xx_HAL_Driver/Src/stm32f3xx_hal_uart.o
                0x00000000080023a0                UART_EndTransmit_IT
 .text.UART_Receive_IT
                0x00000000080023ba       0x82 Drivers/STM32F3xx_HAL_Driver/Src/stm32f3xx_hal_uart.o
                0x00000000080023ba                UART_Receive_IT
 .text.HAL_UART_IRQHandler
                0x000000000800243c      0x15c Drivers/STM32F3xx_HAL_Driver/Src/stm32f3xx_hal_uart.o
                0x000000000800243c                HAL_UART_IRQHandler
 .text.HAL_UARTEx_WakeupCallback
                0x0000000008002598        0x2 Drivers/STM32F3xx_HAL_Driver/Src/stm32f3xx_hal_uart_ex.o
                0x0000000008002598                HAL_UARTEx_WakeupCallback
 .text.makeFreeRtosPriority
                0x000000000800259a        0xc Middlewares/Third_Party/FreeRTOS/Source/CMSIS_RTOS/cmsis_os.o
 .text.inHandlerMode
                0x00000000080025a6        0xc Middlewares/Third_Party/FreeRTOS/Source/CMSIS_RTOS/cmsis_os.o
 .text.osKernelStart
                0x00000000080025b2        0xa Middlewares/Third_Party/FreeRTOS/Source/CMSIS_RTOS/cmsis_os.o
                0x00000000080025b2                osKernelStart
 .text.osThreadCreate
                0x00000000080025bc       0x34 Middlewares/Third_Party/FreeRTOS/Source/CMSIS_RTOS/cmsis_os.o
                0x00000000080025bc                osThreadCreate
 .text.osThreadGetId
                0x00000000080025f0        0x8 Middlewares/Third_Party/FreeRTOS/Source/CMSIS_RTOS/cmsis_os.o
                0x00000000080025f0                osThreadGetId
 .text.osThreadTerminate
                0x00000000080025f8        0xa Middlewares/Third_Party/FreeRTOS/Source/CMSIS_RTOS/cmsis_os.o
                0x00000000080025f8                osThreadTerminate
 *fill*         0x0000000008002602        0x2 
 .text.osThreadYield
                0x0000000008002604       0x18 Middlewares/Third_Party/FreeRTOS/Source/CMSIS_RTOS/cmsis_os.o
                0x0000000008002604                osThreadYield
 .text.osDelay  0x000000000800261c       0x12 Middlewares/Third_Party/FreeRTOS/Source/CMSIS_RTOS/cmsis_os.o
                0x000000000800261c                osDelay
 *fill*         0x000000000800262e        0x2 
 .text.osTimerCreate
                0x0000000008002630       0x28 Middlewares/Third_Party/FreeRTOS/Source/CMSIS_RTOS/cmsis_os.o
                0x0000000008002630                osTimerCreate
 .text.osTimerStart
                0x0000000008002658       0x6c Middlewares/Third_Party/FreeRTOS/Source/CMSIS_RTOS/cmsis_os.o
                0x0000000008002658                osTimerStart
 .text.osTimerStop
                0x00000000080026c4       0x64 Middlewares/Third_Party/FreeRTOS/Source/CMSIS_RTOS/cmsis_os.o
                0x00000000080026c4                osTimerStop
 .text.osSemaphoreCreate
                0x0000000008002728       0x2c Middlewares/Third_Party/FreeRTOS/Source/CMSIS_RTOS/cmsis_os.o
                0x0000000008002728                osSemaphoreCreate
 .text.osSemaphoreWait
                0x0000000008002754       0x74 Middlewares/Third_Party/FreeRTOS/Source/CMSIS_RTOS/cmsis_os.o
                0x0000000008002754                osSemaphoreWait
 .text.osSemaphoreRelease
                0x00000000080027c8       0x5c Middlewares/Third_Party/FreeRTOS/Source/CMSIS_RTOS/cmsis_os.o
                0x00000000080027c8                osSemaphoreRelease
 .text.osMessageCreate
                0x0000000008002824        0xe Middlewares/Third_Party/FreeRTOS/Source/CMSIS_RTOS/cmsis_os.o
                0x0000000008002824                osMessageCreate
 .text.osSystickHandler
                0x0000000008002832       0x10 Middlewares/Third_Party/FreeRTOS/Source/CMSIS_RTOS/cmsis_os.o
                0x0000000008002832                osSystickHandler
 .text.vListInitialise
                0x0000000008002842       0x16 Middlewares/Third_Party/FreeRTOS/Source/list.o
                0x0000000008002842                vListInitialise
 .text.vListInitialiseItem
                0x0000000008002858        0x6 Middlewares/Third_Party/FreeRTOS/Source/list.o
                0x0000000008002858                vListInitialiseItem
 .text.vListInsertEnd
                0x000000000800285e       0x18 Middlewares/Third_Party/FreeRTOS/Source/list.o
                0x000000000800285e                vListInsertEnd
 .text.vListInsert
                0x0000000008002876       0x34 Middlewares/Third_Party/FreeRTOS/Source/list.o
                0x0000000008002876                vListInsert
 .text.uxListRemove
                0x00000000080028aa       0x26 Middlewares/Third_Party/FreeRTOS/Source/list.o
                0x00000000080028aa                uxListRemove
 .text.prvIsQueueFull
                0x00000000080028d0       0x1e Middlewares/Third_Party/FreeRTOS/Source/queue.o
 .text.prvIsQueueEmpty
                0x00000000080028ee       0x1a Middlewares/Third_Party/FreeRTOS/Source/queue.o
 .text.prvCopyDataToQueue
                0x0000000008002908       0x76 Middlewares/Third_Party/FreeRTOS/Source/queue.o
 .text.prvCopyDataFromQueue
                0x000000000800297e       0x24 Middlewares/Third_Party/FreeRTOS/Source/queue.o
 .text.prvUnlockQueue
                0x00000000080029a2       0x6e Middlewares/Third_Party/FreeRTOS/Source/queue.o
 .text.xQueueGenericReset
                0x0000000008002a10       0x80 Middlewares/Third_Party/FreeRTOS/Source/queue.o
                0x0000000008002a10                xQueueGenericReset
 .text.prvInitialiseNewQueue
                0x0000000008002a90       0x1c Middlewares/Third_Party/FreeRTOS/Source/queue.o
 .text.xQueueGenericCreate
                0x0000000008002aac       0x48 Middlewares/Third_Party/FreeRTOS/Source/queue.o
                0x0000000008002aac                xQueueGenericCreate
 .text.xQueueCreateCountingSemaphore
                0x0000000008002af4       0x40 Middlewares/Third_Party/FreeRTOS/Source/queue.o
                0x0000000008002af4                xQueueCreateCountingSemaphore
 .text.xQueueGenericSend
                0x0000000008002b34      0x188 Middlewares/Third_Party/FreeRTOS/Source/queue.o
                0x0000000008002b34                xQueueGenericSend
 .text.xQueueGenericSendFromISR
                0x0000000008002cbc       0xde Middlewares/Third_Party/FreeRTOS/Source/queue.o
                0x0000000008002cbc                xQueueGenericSendFromISR
 .text.xQueueGiveFromISR
                0x0000000008002d9a       0xbc Middlewares/Third_Party/FreeRTOS/Source/queue.o
                0x0000000008002d9a                xQueueGiveFromISR
 *fill*         0x0000000008002e56        0x2 
 .text.xQueueGenericReceive
                0x0000000008002e58      0x1b0 Middlewares/Third_Party/FreeRTOS/Source/queue.o
                0x0000000008002e58                xQueueGenericReceive
 .text.xQueueReceiveFromISR
                0x0000000008003008       0xb6 Middlewares/Third_Party/FreeRTOS/Source/queue.o
                0x0000000008003008                xQueueReceiveFromISR
 *fill*         0x00000000080030be        0x2 
 .text.vQueueAddToRegistry
                0x00000000080030c0       0x28 Middlewares/Third_Party/FreeRTOS/Source/queue.o
                0x00000000080030c0                vQueueAddToRegistry
 .text.vQueueWaitForMessageRestricted
                0x00000000080030e8       0x52 Middlewares/Third_Party/FreeRTOS/Source/queue.o
                0x00000000080030e8                vQueueWaitForMessageRestricted
 *fill*         0x000000000800313a        0x2 
 .text.prvResetNextTaskUnblockTime
                0x000000000800313c       0x2c Middlewares/Third_Party/FreeRTOS/Source/tasks.o
 .text.prvDeleteTCB
                0x0000000008003168       0x12 Middlewares/Third_Party/FreeRTOS/Source/tasks.o
 .text.prvInitialiseNewTask
                0x000000000800317a       0x80 Middlewares/Third_Party/FreeRTOS/Source/tasks.o
 *fill*         0x00000000080031fa        0x2 
 .text.prvInitialiseTaskLists
                0x00000000080031fc       0x58 Middlewares/Third_Party/FreeRTOS/Source/tasks.o
 .text.prvAddNewTaskToReadyList
                0x0000000008003254       0xac Middlewares/Third_Party/FreeRTOS/Source/tasks.o
 .text.prvAddCurrentTaskToDelayedList
                0x0000000008003300       0x88 Middlewares/Third_Party/FreeRTOS/Source/tasks.o
 .text.xTaskCreate
                0x0000000008003388       0x62 Middlewares/Third_Party/FreeRTOS/Source/tasks.o
                0x0000000008003388                xTaskCreate
 *fill*         0x00000000080033ea        0x2 
 .text.vTaskDelete
                0x00000000080033ec       0xdc Middlewares/Third_Party/FreeRTOS/Source/tasks.o
                0x00000000080033ec                vTaskDelete
 .text.vTaskStartScheduler
                0x00000000080034c8       0x7c Middlewares/Third_Party/FreeRTOS/Source/tasks.o
                0x00000000080034c8                vTaskStartScheduler
 .text.vTaskSuspendAll
                0x0000000008003544       0x14 Middlewares/Third_Party/FreeRTOS/Source/tasks.o
                0x0000000008003544                vTaskSuspendAll
 .text.xTaskGetTickCount
                0x0000000008003558        0xc Middlewares/Third_Party/FreeRTOS/Source/tasks.o
                0x0000000008003558                xTaskGetTickCount
 .text.xTaskIncrementTick
                0x0000000008003564      0x114 Middlewares/Third_Party/FreeRTOS/Source/tasks.o
                0x0000000008003564                xTaskIncrementTick
 .text.xTaskResumeAll
                0x0000000008003678       0xf4 Middlewares/Third_Party/FreeRTOS/Source/tasks.o
                0x0000000008003678                xTaskResumeAll
 .text.vTaskDelay
                0x000000000800376c       0x50 Middlewares/Third_Party/FreeRTOS/Source/tasks.o
                0x000000000800376c                vTaskDelay
 .text.prvCheckTasksWaitingTermination
                0x00000000080037bc       0x54 Middlewares/Third_Party/FreeRTOS/Source/tasks.o
 .text.prvIdleTask
                0x0000000008003810       0x28 Middlewares/Third_Party/FreeRTOS/Source/tasks.o
 .text.vTaskSwitchContext
                0x0000000008003838       0x90 Middlewares/Third_Party/FreeRTOS/Source/tasks.o
                0x0000000008003838                vTaskSwitchContext
 .text.vTaskPlaceOnEventList
                0x00000000080038c8       0x34 Middlewares/Third_Party/FreeRTOS/Source/tasks.o
                0x00000000080038c8                vTaskPlaceOnEventList
 .text.vTaskPlaceOnEventListRestricted
                0x00000000080038fc       0x3c Middlewares/Third_Party/FreeRTOS/Source/tasks.o
                0x00000000080038fc                vTaskPlaceOnEventListRestricted
 .text.xTaskRemoveFromEventList
                0x0000000008003938       0x84 Middlewares/Third_Party/FreeRTOS/Source/tasks.o
                0x0000000008003938                xTaskRemoveFromEventList
 .text.vTaskSetTimeOutState
                0x00000000080039bc       0x28 Middlewares/Third_Party/FreeRTOS/Source/tasks.o
                0x00000000080039bc                vTaskSetTimeOutState
 .text.xTaskCheckForTimeOut
                0x00000000080039e4       0x80 Middlewares/Third_Party/FreeRTOS/Source/tasks.o
                0x00000000080039e4                xTaskCheckForTimeOut
 .text.vTaskMissedYield
                0x0000000008003a64       0x10 Middlewares/Third_Party/FreeRTOS/Source/tasks.o
                0x0000000008003a64                vTaskMissedYield
 .text.xTaskGetCurrentTaskHandle
                0x0000000008003a74        0xc Middlewares/Third_Party/FreeRTOS/Source/tasks.o
                0x0000000008003a74                xTaskGetCurrentTaskHandle
 .text.xTaskGetSchedulerState
                0x0000000008003a80       0x20 Middlewares/Third_Party/FreeRTOS/Source/tasks.o
                0x0000000008003a80                xTaskGetSchedulerState
 .text.vTaskPriorityInherit
                0x0000000008003aa0       0xb0 Middlewares/Third_Party/FreeRTOS/Source/tasks.o
                0x0000000008003aa0                vTaskPriorityInherit
 .text.xTaskPriorityDisinherit
                0x0000000008003b50       0xb8 Middlewares/Third_Party/FreeRTOS/Source/tasks.o
                0x0000000008003b50                xTaskPriorityDisinherit
 .text.pvTaskIncrementMutexHeldCount
                0x0000000008003c08       0x20 Middlewares/Third_Party/FreeRTOS/Source/tasks.o
                0x0000000008003c08                pvTaskIncrementMutexHeldCount
 .text.prvGetNextExpireTime
                0x0000000008003c28       0x20 Middlewares/Third_Party/FreeRTOS/Source/timers.o
 .text.prvInsertTimerInActiveList
                0x0000000008003c48       0x44 Middlewares/Third_Party/FreeRTOS/Source/timers.o
 .text.prvCheckForValidListAndQueue
                0x0000000008003c8c       0x4c Middlewares/Third_Party/FreeRTOS/Source/timers.o
 .text.prvInitialiseNewTimer
                0x0000000008003cd8       0x40 Middlewares/Third_Party/FreeRTOS/Source/timers.o
 .text.xTimerCreateTimerTask
                0x0000000008003d18       0x54 Middlewares/Third_Party/FreeRTOS/Source/timers.o
                0x0000000008003d18                xTimerCreateTimerTask
 .text.xTimerCreate
                0x0000000008003d6c       0x32 Middlewares/Third_Party/FreeRTOS/Source/timers.o
                0x0000000008003d6c                xTimerCreate
 *fill*         0x0000000008003d9e        0x2 
 .text.xTimerGenericCommand
                0x0000000008003da0       0x6c Middlewares/Third_Party/FreeRTOS/Source/timers.o
                0x0000000008003da0                xTimerGenericCommand
 .text.prvSwitchTimerLists
                0x0000000008003e0c       0x88 Middlewares/Third_Party/FreeRTOS/Source/timers.o
 .text.prvSampleTimeNow
                0x0000000008003e94       0x2c Middlewares/Third_Party/FreeRTOS/Source/timers.o
 .text.prvProcessExpiredTimer
                0x0000000008003ec0       0x60 Middlewares/Third_Party/FreeRTOS/Source/timers.o
 .text.prvProcessTimerOrBlockTask
                0x0000000008003f20       0x70 Middlewares/Third_Party/FreeRTOS/Source/timers.o
 .text.prvProcessReceivedCommands
                0x0000000008003f90       0xe4 Middlewares/Third_Party/FreeRTOS/Source/timers.o
 .text.prvTimerTask
                0x0000000008004074       0x16 Middlewares/Third_Party/FreeRTOS/Source/timers.o
 *fill*         0x000000000800408a        0x2 
 .text.prvTaskExitError
                0x000000000800408c       0x34 Middlewares/Third_Party/FreeRTOS/Source/portable/GCC/ARM_CM4F/port.o
 .text.prvPortStartFirstTask
                0x00000000080040c0       0x20 Middlewares/Third_Party/FreeRTOS/Source/portable/GCC/ARM_CM4F/port.o
 .text.vPortEnableVFP
                0x00000000080040e0       0x14 Middlewares/Third_Party/FreeRTOS/Source/portable/GCC/ARM_CM4F/port.o
 .text.pxPortInitialiseStack
                0x00000000080040f4       0x2c Middlewares/Third_Party/FreeRTOS/Source/portable/GCC/ARM_CM4F/port.o
                0x00000000080040f4                pxPortInitialiseStack
 .text.SVC_Handler
                0x0000000008004120       0x24 Middlewares/Third_Party/FreeRTOS/Source/portable/GCC/ARM_CM4F/port.o
                0x0000000008004120                SVC_Handler
 .text.vPortEnterCritical
                0x0000000008004144       0x44 Middlewares/Third_Party/FreeRTOS/Source/portable/GCC/ARM_CM4F/port.o
                0x0000000008004144                vPortEnterCritical
 .text.vPortExitCritical
                0x0000000008004188       0x2c Middlewares/Third_Party/FreeRTOS/Source/portable/GCC/ARM_CM4F/port.o
                0x0000000008004188                vPortExitCritical
 *fill*         0x00000000080041b4        0xc 
 .text.PendSV_Handler
                0x00000000080041c0       0x64 Middlewares/Third_Party/FreeRTOS/Source/portable/GCC/ARM_CM4F/port.o
                0x00000000080041c0                PendSV_Handler
 .text.xPortSysTickHandler
                0x0000000008004224       0x2c Middlewares/Third_Party/FreeRTOS/Source/portable/GCC/ARM_CM4F/port.o
                0x0000000008004224                xPortSysTickHandler
 .text.vPortSetupTimerInterrupt
                0x0000000008004250       0x2c Middlewares/Third_Party/FreeRTOS/Source/portable/GCC/ARM_CM4F/port.o
                0x0000000008004250                vPortSetupTimerInterrupt
 .text.xPortStartScheduler
                0x000000000800427c       0xe8 Middlewares/Third_Party/FreeRTOS/Source/portable/GCC/ARM_CM4F/port.o
                0x000000000800427c                xPortStartScheduler
 .text.vPortValidateInterruptPriority
                0x0000000008004364       0x58 Middlewares/Third_Party/FreeRTOS/Source/portable/GCC/ARM_CM4F/port.o
                0x0000000008004364                vPortValidateInterruptPriority
 .text.prvHeapInit
                0x00000000080043bc       0x5c Middlewares/Third_Party/FreeRTOS/Source/portable/MemMang/heap_4.o
 .text.prvInsertBlockIntoFreeList
                0x0000000008004418       0x58 Middlewares/Third_Party/FreeRTOS/Source/portable/MemMang/heap_4.o
 .text.pvPortMalloc
                0x0000000008004470      0x108 Middlewares/Third_Party/FreeRTOS/Source/portable/MemMang/heap_4.o
                0x0000000008004470                pvPortMalloc
 .text.vPortFree
                0x0000000008004578       0x70 Middlewares/Third_Party/FreeRTOS/Source/portable/MemMang/heap_4.o
                0x0000000008004578                vPortFree
 .text.cbLEDFlash
                0x00000000080045e8       0x1c Src/CANHandler.o
                0x00000000080045e8                cbLEDFlash
 .text.cbCANLoadError
                0x0000000008004604        0xc Src/CANHandler.o
                0x0000000008004604                cbCANLoadError
 .text.setFilters
                0x0000000008004610      0x218 Src/CANHandler.o
                0x0000000008004610                setFilters
 .text.setFiltersForNodeType
                0x0000000008004828       0x40 Src/CANHandler.o
                0x0000000008004828                setFiltersForNodeType
 .text.formExtendedIdentifier
                0x0000000008004868       0x18 Src/CANHandler.o
                0x0000000008004868                formExtendedIdentifier
 .text.getEIDParts
                0x0000000008004880       0x1a Src/CANHandler.o
                0x0000000008004880                getEIDParts
 *fill*         0x000000000800489a        0x2 
 .text.reply    0x000000000800489c       0x3c Src/CANHandler.o
                0x000000000800489c                reply
 .text.replyWithError
                0x00000000080048d8       0x40 Src/CANHandler.o
                0x00000000080048d8                replyWithError
 .text.doLEDFlash
                0x0000000008004918       0x40 Src/CANHandler.o
                0x0000000008004918                doLEDFlash
 .text.doLEDState
                0x0000000008004958       0x38 Src/CANHandler.o
                0x0000000008004958                doLEDState
 .text.refresh  0x0000000008004990       0x34 Src/CANHandler.o
                0x0000000008004990                refresh
 .text.CAN_MyID
                0x00000000080049c4        0xc Src/CANHandler.o
                0x00000000080049c4                CAN_MyID
 .text.CAN_IAmMaster
                0x00000000080049d0       0x10 Src/CANHandler.o
                0x00000000080049d0                CAN_IAmMaster
 .text.CAN_IAmAssignedChild
                0x00000000080049e0       0x20 Src/CANHandler.o
                0x00000000080049e0                CAN_IAmAssignedChild
 .text.CAN_ClaimMaster
                0x0000000008004a00       0x1c Src/CANHandler.o
                0x0000000008004a00                CAN_ClaimMaster
 .text.CAN_GetAddresses
                0x0000000008004a1c       0x3c Src/CANHandler.o
                0x0000000008004a1c                CAN_GetAddresses
 .text.CAN_AssignAddress
                0x0000000008004a58       0x4c Src/CANHandler.o
                0x0000000008004a58                CAN_AssignAddress
 .text.CAN_RequestAddress
                0x0000000008004aa4       0x38 Src/CANHandler.o
                0x0000000008004aa4                CAN_RequestAddress
 .text.CAN_LEDFlashControl
                0x0000000008004adc       0x6c Src/CANHandler.o
                0x0000000008004adc                CAN_LEDFlashControl
 .text.CAN_LEDStateControl
                0x0000000008004b48       0x6c Src/CANHandler.o
                0x0000000008004b48                CAN_LEDStateControl
 .text.CAN_EraseSysBlock
                0x0000000008004bb4       0x70 Src/CANHandler.o
                0x0000000008004bb4                CAN_EraseSysBlock
 .text.CAN_EraseProgramBlock
                0x0000000008004c24       0x64 Src/CANHandler.o
                0x0000000008004c24                CAN_EraseProgramBlock
 .text.reportSwitch
                0x0000000008004c88       0x44 Src/CANHandler.o
                0x0000000008004c88                reportSwitch
 .text.loadStartChildren
                0x0000000008004ccc       0x94 Src/CANHandler.o
                0x0000000008004ccc                loadStartChildren
 .text.CAN_ProgramStart
                0x0000000008004d60       0x6c Src/CANHandler.o
                0x0000000008004d60                CAN_ProgramStart
 .text.packetReady
                0x0000000008004dcc       0x24 Src/CANHandler.o
                0x0000000008004dcc                packetReady
 .text.CAN_ProgramChar
                0x0000000008004df0       0xa4 Src/CANHandler.o
                0x0000000008004df0                CAN_ProgramChar
 .text.CAN_ProgramClose
                0x0000000008004e94       0x98 Src/CANHandler.o
                0x0000000008004e94                CAN_ProgramClose
 .text.CAN_RestartNode
                0x0000000008004f2c       0x5c Src/CANHandler.o
                0x0000000008004f2c                CAN_RestartNode
 .text.CAN_GetReportVersion
                0x0000000008004f88       0x88 Src/CANHandler.o
                0x0000000008004f88                CAN_GetReportVersion
 .text.HAL_CAN_RxFifo0MsgPendingCallback
                0x0000000008005010       0x64 Src/CANHandler.o
                0x0000000008005010                HAL_CAN_RxFifo0MsgPendingCallback
 .text.HAL_CAN_RxFifo1MsgPendingCallback
                0x0000000008005074       0x6c Src/CANHandler.o
                0x0000000008005074                HAL_CAN_RxFifo1MsgPendingCallback
 .text.HAL_CAN_ErrorCallback
                0x00000000080050e0       0x10 Src/CANHandler.o
                0x00000000080050e0                HAL_CAN_ErrorCallback
 .text.HAL_GPIO_EXTI_Callback
                0x00000000080050f0       0x14 Src/CANHandler.o
                0x00000000080050f0                HAL_GPIO_EXTI_Callback
 .text.doMASTER
                0x0000000008005104       0x60 Src/CANHandler.o
                0x0000000008005104                doMASTER
 .text.doTEMPORARY
                0x0000000008005164       0x48 Src/CANHandler.o
                0x0000000008005164                doTEMPORARY
 .text.programmingChild
                0x00000000080051ac      0x1ec Src/CANHandler.o
                0x00000000080051ac                programmingChild
 .text.doCHILD  0x0000000008005398       0xd8 Src/CANHandler.o
                0x0000000008005398                doCHILD
 .text.DoCANProcessing
                0x0000000008005470       0xe4 Src/CANHandler.o
                0x0000000008005470                DoCANProcessing
 .text.taskCANReceive
                0x0000000008005554       0x50 Src/CANHandler.o
                0x0000000008005554                taskCANReceive
 .text.CQ_AboveWaterMark
                0x00000000080055a4       0x16 Src/CharQueue.o
                0x00000000080055a4                CQ_AboveWaterMark
 .text.CQ_DequeueChar
                0x00000000080055ba       0x68 Src/CharQueue.o
                0x00000000080055ba                CQ_DequeueChar
 .text.CQ_Flush
                0x0000000008005622       0x16 Src/CharQueue.o
                0x0000000008005622                CQ_Flush
 .text.CQ_EnqueueChar
                0x0000000008005638       0x6c Src/CharQueue.o
                0x0000000008005638                CQ_EnqueueChar
 .text.CQ_Init  0x00000000080056a4       0x24 Src/CharQueue.o
                0x00000000080056a4                CQ_Init
 .text.GetLoadId
                0x00000000080056c8        0xc Src/FlashSupport.o
                0x00000000080056c8                GetLoadId
 .text.SetLoadId
                0x00000000080056d4        0xc Src/FlashSupport.o
                0x00000000080056d4                SetLoadId
 .text.SetLoadBase
                0x00000000080056e0        0xc Src/FlashSupport.o
                0x00000000080056e0                SetLoadBase
 .text.GetLoadBase
                0x00000000080056ec        0xc Src/FlashSupport.o
                0x00000000080056ec                GetLoadBase
 .text.GetMyLocationInFlash
                0x00000000080056f8        0x8 Src/FlashSupport.o
                0x00000000080056f8                GetMyLocationInFlash
 .text.GetPacket
                0x0000000008005700        0x8 Src/FlashSupport.o
                0x0000000008005700                GetPacket
 .text.DidLoadOccur
                0x0000000008005708       0x24 Src/FlashSupport.o
                0x0000000008005708                DidLoadOccur
 .text.LoadSetup
                0x000000000800572c       0x28 Src/FlashSupport.o
                0x000000000800572c                LoadSetup
 .text.IAmInLowFlash
                0x0000000008005754        0x4 Src/FlashSupport.o
                0x0000000008005754                IAmInLowFlash
 .text.UpperBlockIsEmpty
                0x0000000008005758       0x48 Src/FlashSupport.o
                0x0000000008005758                UpperBlockIsEmpty
 .text.ValidProgramInHighFlash
                0x00000000080057a0       0x44 Src/FlashSupport.o
                0x00000000080057a0                ValidProgramInHighFlash
 .text.JumpToHighFlash
                0x00000000080057e4       0x3c Src/FlashSupport.o
                0x00000000080057e4                JumpToHighFlash
 .text.RestartNode
                0x0000000008005820       0x48 Src/FlashSupport.o
                0x0000000008005820                RestartNode
 .text.GetIdFromFlash
                0x0000000008005868       0x18 Src/FlashSupport.o
                0x0000000008005868                GetIdFromFlash
 .text.ProgramIdIntoFlash
                0x0000000008005880       0x2c Src/FlashSupport.o
                0x0000000008005880                ProgramIdIntoFlash
 .text.EraseSystemBlock
                0x00000000080058ac       0x3c Src/FlashSupport.o
                0x00000000080058ac                EraseSystemBlock
 .text.EraseProgramBlock
                0x00000000080058e8       0x4c Src/FlashSupport.o
                0x00000000080058e8                EraseProgramBlock
 .text.InvalidateProgram
                0x0000000008005934       0x14 Src/FlashSupport.o
                0x0000000008005934                InvalidateProgram
 .text.ValidateProgram
                0x0000000008005948       0x3c Src/FlashSupport.o
                0x0000000008005948                ValidateProgram
 .text.WriteToFlashBuffer
                0x0000000008005984       0x6c Src/FlashSupport.o
                0x0000000008005984                WriteToFlashBuffer
 .text.FlushFlashBuffer
                0x00000000080059f0       0x28 Src/FlashSupport.o
                0x00000000080059f0                FlushFlashBuffer
 .text.ReportFlash
                0x0000000008005a18       0x80 Src/FlashSupport.o
                0x0000000008005a18                ReportFlash
 .text.dummy    0x0000000008005a98        0x2 Src/UARTHandler.o
                0x0000000008005a98                dummy
 .text.getAddresses
                0x0000000008005a9a        0x8 Src/UARTHandler.o
                0x0000000008005a9a                getAddresses
 *fill*         0x0000000008005aa2        0x2 
 .text.cbFileTransfer
                0x0000000008005aa4        0xc Src/UARTHandler.o
                0x0000000008005aa4                cbFileTransfer
 .text.StartSync
                0x0000000008005ab0        0xc Src/UARTHandler.o
                0x0000000008005ab0                StartSync
 .text.HAL_UART_TxCpltCallback
                0x0000000008005abc        0xc Src/UARTHandler.o
                0x0000000008005abc                HAL_UART_TxCpltCallback
 .text.HAL_UART_RxCpltCallback
                0x0000000008005ac8       0x74 Src/UARTHandler.o
                0x0000000008005ac8                HAL_UART_RxCpltCallback
 .text.RearmUART
                0x0000000008005b3c       0x10 Src/UARTHandler.o
                0x0000000008005b3c                RearmUART
 .text.WriteUARTString
                0x0000000008005b4c       0x88 Src/UARTHandler.o
                0x0000000008005b4c                WriteUARTString
 .text.printHelp
                0x0000000008005bd4       0x20 Src/UARTHandler.o
                0x0000000008005bd4                printHelp
 .text.myID     0x0000000008005bf4       0x2c Src/UARTHandler.o
                0x0000000008005bf4                myID
 .text.GetUARTChar
                0x0000000008005c20       0x5c Src/UARTHandler.o
                0x0000000008005c20                GetUARTChar
 .text.GetUARTString
                0x0000000008005c7c       0x7c Src/UARTHandler.o
                0x0000000008005c7c                GetUARTString
 .text.UART_ReportReceivedMessage
                0x0000000008005cf8       0x6c Src/UARTHandler.o
                0x0000000008005cf8                UART_ReportReceivedMessage
 .text.getArgument
                0x0000000008005d64       0x66 Src/UARTHandler.o
                0x0000000008005d64                getArgument
 *fill*         0x0000000008005dca        0x2 
 .text.assignAddress
                0x0000000008005dcc       0x30 Src/UARTHandler.o
                0x0000000008005dcc                assignAddress
 .text.flashLED
                0x0000000008005dfc       0x40 Src/UARTHandler.o
                0x0000000008005dfc                flashLED
 .text.stateLED
                0x0000000008005e3c       0x40 Src/UARTHandler.o
                0x0000000008005e3c                stateLED
 .text.eraseSysBlock
                0x0000000008005e7c       0x2c Src/UARTHandler.o
                0x0000000008005e7c                eraseSysBlock
 .text.eraseProg
                0x0000000008005ea8       0x2c Src/UARTHandler.o
                0x0000000008005ea8                eraseProg
 .text.loadProg
                0x0000000008005ed4      0x124 Src/UARTHandler.o
                0x0000000008005ed4                loadProg
 .text.resetNode
                0x0000000008005ff8       0x2c Src/UARTHandler.o
                0x0000000008005ff8                resetNode
 .text.getVersion
                0x0000000008006024       0x2c Src/UARTHandler.o
                0x0000000008006024                getVersion
 .text.DoUARTCommand
                0x0000000008006050       0x48 Src/UARTHandler.o
                0x0000000008006050                DoUARTCommand
 .text.MessagesUART_Init
                0x0000000008006098       0x30 Src/UARTHandler.o
                0x0000000008006098                MessagesUART_Init
 .text.UART_Start
                0x00000000080060c8       0x44 Src/UARTHandler.o
                0x00000000080060c8                UART_Start
 .text.DoUARTProcessing
                0x000000000800610c       0x3c Src/UARTHandler.o
                0x000000000800610c                DoUARTProcessing
 .text.taskUARTReceive
                0x0000000008006148       0x20 Src/UARTHandler.o
                0x0000000008006148                taskUARTReceive
 .text.MX_CAN_Init
                0x0000000008006168       0x4c Src/can.o
                0x0000000008006168                MX_CAN_Init
 .text.HAL_CAN_MspInit
                0x00000000080061b4       0x7c Src/can.o
                0x00000000080061b4                HAL_CAN_MspInit
 .text.StartDefaultTask
                0x0000000008006230        0xa Src/freertos.o
                0x0000000008006230                StartDefaultTask
 *fill*         0x000000000800623a        0x2 
 .text.MX_FREERTOS_Init
                0x000000000800623c       0xec Src/freertos.o
                0x000000000800623c                MX_FREERTOS_Init
 .text.MX_GPIO_Init
                0x0000000008006328       0xa8 Src/gpio.o
                0x0000000008006328                MX_GPIO_Init
 .text._Error_Handler
                0x00000000080063d0        0x2 Src/main.o
                0x00000000080063d0                _Error_Handler
 *fill*         0x00000000080063d2        0x2 
 .text.SystemClock_Config
                0x00000000080063d4       0xa0 Src/main.o
                0x00000000080063d4                SystemClock_Config
 .text.main     0x0000000008006474       0x42 Src/main.o
                0x0000000008006474                main
 *fill*         0x00000000080064b6        0x2 
 .text.HAL_MspInit
                0x00000000080064b8       0x90 Src/stm32f3xx_hal_msp.o
                0x00000000080064b8                HAL_MspInit
 .text.NMI_Handler
                0x0000000008006548        0x2 Src/stm32f3xx_it.o
                0x0000000008006548                NMI_Handler
 .text.HardFault_Handler
                0x000000000800654a        0x2 Src/stm32f3xx_it.o
                0x000000000800654a                HardFault_Handler
 .text.MemManage_Handler
                0x000000000800654c        0x2 Src/stm32f3xx_it.o
                0x000000000800654c                MemManage_Handler
 .text.BusFault_Handler
                0x000000000800654e        0x2 Src/stm32f3xx_it.o
                0x000000000800654e                BusFault_Handler
 .text.UsageFault_Handler
                0x0000000008006550        0x2 Src/stm32f3xx_it.o
                0x0000000008006550                UsageFault_Handler
 .text.DebugMon_Handler
                0x0000000008006552        0x2 Src/stm32f3xx_it.o
                0x0000000008006552                DebugMon_Handler
 .text.SysTick_Handler
                0x0000000008006554        0xc Src/stm32f3xx_it.o
                0x0000000008006554                SysTick_Handler
 .text.USB_LP_CAN_RX0_IRQHandler
                0x0000000008006560       0x10 Src/stm32f3xx_it.o
                0x0000000008006560                USB_LP_CAN_RX0_IRQHandler
 .text.CAN_RX1_IRQHandler
                0x0000000008006570       0x10 Src/stm32f3xx_it.o
                0x0000000008006570                CAN_RX1_IRQHandler
 .text.CAN_SCE_IRQHandler
                0x0000000008006580       0x10 Src/stm32f3xx_it.o
                0x0000000008006580                CAN_SCE_IRQHandler
 .text.USART2_IRQHandler
                0x0000000008006590       0x10 Src/stm32f3xx_it.o
                0x0000000008006590                USART2_IRQHandler
 .text.EXTI15_10_IRQHandler
                0x00000000080065a0        0xc Src/stm32f3xx_it.o
                0x00000000080065a0                EXTI15_10_IRQHandler
 .text.SystemInit
                0x00000000080065ac       0x68 Src/system_stm32f3xx.o
                0x00000000080065ac                SystemInit
 .text.MX_USART2_UART_Init
                0x0000000008006614       0x40 Src/usart.o
                0x0000000008006614                MX_USART2_UART_Init
 .text.HAL_UART_MspInit
                0x0000000008006654       0x58 Src/usart.o
                0x0000000008006654                HAL_UART_MspInit
 .text.Reset_Handler
                0x00000000080066ac       0x50 startup/startup_stm32f303xe.o
                0x00000000080066ac                Reset_Handler
 .text.Default_Handler
                0x00000000080066fc        0x2 startup/startup_stm32f303xe.o
                0x00000000080066fc                TIM1_BRK_TIM15_IRQHandler
                0x00000000080066fc                TIM8_TRG_COM_IRQHandler
                0x00000000080066fc                TIM8_CC_IRQHandler
                0x00000000080066fc                SPI4_IRQHandler
                0x00000000080066fc                TIM1_CC_IRQHandler
                0x00000000080066fc                USB_HP_IRQHandler
                0x00000000080066fc                PVD_IRQHandler
                0x00000000080066fc                TAMP_STAMP_IRQHandler
                0x00000000080066fc                EXTI3_IRQHandler
                0x00000000080066fc                I2C3_ER_IRQHandler
                0x00000000080066fc                USB_HP_CAN_TX_IRQHandler
                0x00000000080066fc                EXTI0_IRQHandler
                0x00000000080066fc                I2C2_EV_IRQHandler
                0x00000000080066fc                FPU_IRQHandler
                0x00000000080066fc                TIM1_UP_TIM16_IRQHandler
                0x00000000080066fc                ADC1_2_IRQHandler
                0x00000000080066fc                SPI1_IRQHandler
                0x00000000080066fc                TIM6_DAC_IRQHandler
                0x00000000080066fc                TIM8_UP_IRQHandler
                0x00000000080066fc                DMA2_Channel2_IRQHandler
                0x00000000080066fc                DMA1_Channel4_IRQHandler
                0x00000000080066fc                TIM20_TRG_COM_IRQHandler
                0x00000000080066fc                USART3_IRQHandler
                0x00000000080066fc                DMA1_Channel7_IRQHandler
                0x00000000080066fc                UART5_IRQHandler
                0x00000000080066fc                ADC3_IRQHandler
                0x00000000080066fc                TIM4_IRQHandler
                0x00000000080066fc                DMA2_Channel1_IRQHandler
                0x00000000080066fc                I2C1_EV_IRQHandler
                0x00000000080066fc                DMA1_Channel6_IRQHandler
                0x00000000080066fc                UART4_IRQHandler
                0x00000000080066fc                DMA2_Channel4_IRQHandler
                0x00000000080066fc                TIM3_IRQHandler
                0x00000000080066fc                RCC_IRQHandler
                0x00000000080066fc                TIM20_UP_IRQHandler
                0x00000000080066fc                DMA1_Channel1_IRQHandler
                0x00000000080066fc                Default_Handler
                0x00000000080066fc                USBWakeUp_RMP_IRQHandler
                0x00000000080066fc                TIM7_IRQHandler
                0x00000000080066fc                I2C3_EV_IRQHandler
                0x00000000080066fc                EXTI9_5_IRQHandler
                0x00000000080066fc                RTC_WKUP_IRQHandler
                0x00000000080066fc                SPI2_IRQHandler
                0x00000000080066fc                DMA2_Channel5_IRQHandler
                0x00000000080066fc                DMA1_Channel5_IRQHandler
                0x00000000080066fc                USB_LP_IRQHandler
                0x00000000080066fc                EXTI4_IRQHandler
                0x00000000080066fc                TIM1_TRG_COM_TIM17_IRQHandler
                0x00000000080066fc                DMA1_Channel3_IRQHandler
                0x00000000080066fc                ADC4_IRQHandler
                0x00000000080066fc                WWDG_IRQHandler
                0x00000000080066fc                TIM2_IRQHandler
                0x00000000080066fc                COMP7_IRQHandler
                0x00000000080066fc                COMP1_2_3_IRQHandler
                0x00000000080066fc                EXTI1_IRQHandler
                0x00000000080066fc                COMP4_5_6_IRQHandler
                0x00000000080066fc                TIM20_BRK_IRQHandler
                0x00000000080066fc                I2C2_ER_IRQHandler
                0x00000000080066fc                DMA1_Channel2_IRQHandler
                0x00000000080066fc                TIM8_BRK_IRQHandler
                0x00000000080066fc                FLASH_IRQHandler
                0x00000000080066fc                TIM20_CC_IRQHandler
                0x00000000080066fc                USART1_IRQHandler
                0x00000000080066fc                SPI3_IRQHandler
                0x00000000080066fc                I2C1_ER_IRQHandler
                0x00000000080066fc                FMC_IRQHandler
                0x00000000080066fc                USBWakeUp_IRQHandler
                0x00000000080066fc                DMA2_Channel3_IRQHandler
                0x00000000080066fc                EXTI2_TSC_IRQHandler
                0x00000000080066fc                RTC_Alarm_IRQHandler
 *fill*         0x00000000080066fe        0x2 
 .text.__libc_init_array
                0x0000000008006700       0x48 /Users/mdupont/.p2/pool/plugins/fr.ac6.mcu.externaltools.arm-none.macos64_1.15.0.201708311556/tools/compiler/bin/../lib/gcc/arm-none-eabi/6.3.1/../../../../arm-none-eabi/lib/thumb/v7e-m/fpv4-sp/hard/libc_nano.a(lib_a-init.o)
                0x0000000008006700                __libc_init_array
 .text.__locale_ctype_ptr_l
                0x0000000008006748        0x6 /Users/mdupont/.p2/pool/plugins/fr.ac6.mcu.externaltools.arm-none.macos64_1.15.0.201708311556/tools/compiler/bin/../lib/gcc/arm-none-eabi/6.3.1/../../../../arm-none-eabi/lib/thumb/v7e-m/fpv4-sp/hard/libc_nano.a(lib_a-locale.o)
                0x0000000008006748                __locale_ctype_ptr_l
 *fill*         0x000000000800674e        0x2 
 .text.__locale_ctype_ptr
                0x0000000008006750       0x1c /Users/mdupont/.p2/pool/plugins/fr.ac6.mcu.externaltools.arm-none.macos64_1.15.0.201708311556/tools/compiler/bin/../lib/gcc/arm-none-eabi/6.3.1/../../../../arm-none-eabi/lib/thumb/v7e-m/fpv4-sp/hard/libc_nano.a(lib_a-locale.o)
                0x0000000008006750                __locale_ctype_ptr
 .text.__ascii_mbtowc
                0x000000000800676c       0x24 /Users/mdupont/.p2/pool/plugins/fr.ac6.mcu.externaltools.arm-none.macos64_1.15.0.201708311556/tools/compiler/bin/../lib/gcc/arm-none-eabi/6.3.1/../../../../arm-none-eabi/lib/thumb/v7e-m/fpv4-sp/hard/libc_nano.a(lib_a-mbtowc_r.o)
                0x000000000800676c                __ascii_mbtowc
 .text.memcpy   0x0000000008006790       0x16 /Users/mdupont/.p2/pool/plugins/fr.ac6.mcu.externaltools.arm-none.macos64_1.15.0.201708311556/tools/compiler/bin/../lib/gcc/arm-none-eabi/6.3.1/../../../../arm-none-eabi/lib/thumb/v7e-m/fpv4-sp/hard/libc_nano.a(lib_a-memcpy-stub.o)
                0x0000000008006790                memcpy
 *fill*         0x00000000080067a6        0x2 
 .text.sprintf  0x00000000080067a8       0x48 /Users/mdupont/.p2/pool/plugins/fr.ac6.mcu.externaltools.arm-none.macos64_1.15.0.201708311556/tools/compiler/bin/../lib/gcc/arm-none-eabi/6.3.1/../../../../arm-none-eabi/lib/thumb/v7e-m/fpv4-sp/hard/libc_nano.a(lib_a-sprintf.o)
                0x00000000080067a8                sprintf
                0x00000000080067a8                siprintf
 .text.sscanf   0x00000000080067f0       0x54 /Users/mdupont/.p2/pool/plugins/fr.ac6.mcu.externaltools.arm-none.macos64_1.15.0.201708311556/tools/compiler/bin/../lib/gcc/arm-none-eabi/6.3.1/../../../../arm-none-eabi/lib/thumb/v7e-m/fpv4-sp/hard/libc_nano.a(lib_a-sscanf.o)
                0x00000000080067f0                sscanf
                0x00000000080067f0                siscanf
 .text.__seofread
                0x0000000008006844        0x4 /Users/mdupont/.p2/pool/plugins/fr.ac6.mcu.externaltools.arm-none.macos64_1.15.0.201708311556/tools/compiler/bin/../lib/gcc/arm-none-eabi/6.3.1/../../../../arm-none-eabi/lib/thumb/v7e-m/fpv4-sp/hard/libc_nano.a(lib_a-stdio.o)
                0x0000000008006844                __seofread
 .text.strstr   0x0000000008006848       0x36 /Users/mdupont/.p2/pool/plugins/fr.ac6.mcu.externaltools.arm-none.macos64_1.15.0.201708311556/tools/compiler/bin/../lib/gcc/arm-none-eabi/6.3.1/../../../../arm-none-eabi/lib/thumb/v7e-m/fpv4-sp/hard/libc_nano.a(lib_a-strstr.o)
                0x0000000008006848                strstr
 .text.__ascii_wctomb
                0x000000000800687e       0x1a /Users/mdupont/.p2/pool/plugins/fr.ac6.mcu.externaltools.arm-none.macos64_1.15.0.201708311556/tools/compiler/bin/../lib/gcc/arm-none-eabi/6.3.1/../../../../arm-none-eabi/lib/thumb/v7e-m/fpv4-sp/hard/libc_nano.a(lib_a-wctomb_r.o)
                0x000000000800687e                __ascii_wctomb
 .text.__ssputs_r
                0x0000000008006898       0xb6 /Users/mdupont/.p2/pool/plugins/fr.ac6.mcu.externaltools.arm-none.macos64_1.15.0.201708311556/tools/compiler/bin/../lib/gcc/arm-none-eabi/6.3.1/../../../../arm-none-eabi/lib/thumb/v7e-m/fpv4-sp/hard/libc_nano.a(lib_a-nano-svfprintf.o)
                0x0000000008006898                __ssputs_r
 *fill*         0x000000000800694e        0x2 
 .text._svfprintf_r
                0x0000000008006950      0x1e8 /Users/mdupont/.p2/pool/plugins/fr.ac6.mcu.externaltools.arm-none.macos64_1.15.0.201708311556/tools/compiler/bin/../lib/gcc/arm-none-eabi/6.3.1/../../../../arm-none-eabi/lib/thumb/v7e-m/fpv4-sp/hard/libc_nano.a(lib_a-nano-svfprintf.o)
                0x0000000008006950                _svfprintf_r
                0x0000000008006950                _svfiprintf_r
 .text._sungetc_r
                0x0000000008006b38       0x7a /Users/mdupont/.p2/pool/plugins/fr.ac6.mcu.externaltools.arm-none.macos64_1.15.0.201708311556/tools/compiler/bin/../lib/gcc/arm-none-eabi/6.3.1/../../../../arm-none-eabi/lib/thumb/v7e-m/fpv4-sp/hard/libc_nano.a(lib_a-nano-svfscanf.o)
                0x0000000008006b38                _sungetc_r
 .text.__ssrefill_r
                0x0000000008006bb2       0x3a /Users/mdupont/.p2/pool/plugins/fr.ac6.mcu.externaltools.arm-none.macos64_1.15.0.201708311556/tools/compiler/bin/../lib/gcc/arm-none-eabi/6.3.1/../../../../arm-none-eabi/lib/thumb/v7e-m/fpv4-sp/hard/libc_nano.a(lib_a-nano-svfscanf.o)
                0x0000000008006bb2                __ssrefill_r
 .text.__ssvfscanf_r
                0x0000000008006bec      0x2a8 /Users/mdupont/.p2/pool/plugins/fr.ac6.mcu.externaltools.arm-none.macos64_1.15.0.201708311556/tools/compiler/bin/../lib/gcc/arm-none-eabi/6.3.1/../../../../arm-none-eabi/lib/thumb/v7e-m/fpv4-sp/hard/libc_nano.a(lib_a-nano-svfscanf.o)
                0x0000000008006bec                __ssvfscanf_r
                0x0000000008006bec                __ssvfiscanf_r
 .text._printf_common
                0x0000000008006e94       0xec /Users/mdupont/.p2/pool/plugins/fr.ac6.mcu.externaltools.arm-none.macos64_1.15.0.201708311556/tools/compiler/bin/../lib/gcc/arm-none-eabi/6.3.1/../../../../arm-none-eabi/lib/thumb/v7e-m/fpv4-sp/hard/libc_nano.a(lib_a-nano-vfprintf_i.o)
                0x0000000008006e94                _printf_common
 .text._printf_i
                0x0000000008006f80      0x240 /Users/mdupont/.p2/pool/plugins/fr.ac6.mcu.externaltools.arm-none.macos64_1.15.0.201708311556/tools/compiler/bin/../lib/gcc/arm-none-eabi/6.3.1/../../../../arm-none-eabi/lib/thumb/v7e-m/fpv4-sp/hard/libc_nano.a(lib_a-nano-vfprintf_i.o)
                0x0000000008006f80                _printf_i
 .text._scanf_chars
                0x00000000080071c0       0xc8 /Users/mdupont/.p2/pool/plugins/fr.ac6.mcu.externaltools.arm-none.macos64_1.15.0.201708311556/tools/compiler/bin/../lib/gcc/arm-none-eabi/6.3.1/../../../../arm-none-eabi/lib/thumb/v7e-m/fpv4-sp/hard/libc_nano.a(lib_a-nano-vfscanf_i.o)
                0x00000000080071c0                _scanf_chars
 .text._scanf_i
                0x0000000008007288      0x1e8 /Users/mdupont/.p2/pool/plugins/fr.ac6.mcu.externaltools.arm-none.macos64_1.15.0.201708311556/tools/compiler/bin/../lib/gcc/arm-none-eabi/6.3.1/../../../../arm-none-eabi/lib/thumb/v7e-m/fpv4-sp/hard/libc_nano.a(lib_a-nano-vfscanf_i.o)
                0x0000000008007288                _scanf_i
 .text.__sccl   0x0000000008007470       0x60 /Users/mdupont/.p2/pool/plugins/fr.ac6.mcu.externaltools.arm-none.macos64_1.15.0.201708311556/tools/compiler/bin/../lib/gcc/arm-none-eabi/6.3.1/../../../../arm-none-eabi/lib/thumb/v7e-m/fpv4-sp/hard/libc_nano.a(lib_a-sccl.o)
                0x0000000008007470                __sccl
 .text._strtol_l.isra.0
                0x00000000080074d0      0x100 /Users/mdupont/.p2/pool/plugins/fr.ac6.mcu.externaltools.arm-none.macos64_1.15.0.201708311556/tools/compiler/bin/../lib/gcc/arm-none-eabi/6.3.1/../../../../arm-none-eabi/lib/thumb/v7e-m/fpv4-sp/hard/libc_nano.a(lib_a-strtol.o)
 .text._strtol_r
                0x00000000080075d0       0x24 /Users/mdupont/.p2/pool/plugins/fr.ac6.mcu.externaltools.arm-none.macos64_1.15.0.201708311556/tools/compiler/bin/../lib/gcc/arm-none-eabi/6.3.1/../../../../arm-none-eabi/lib/thumb/v7e-m/fpv4-sp/hard/libc_nano.a(lib_a-strtol.o)
                0x00000000080075d0                _strtol_r
 .text._strtoul_l.isra.0
                0x00000000080075f4       0xfa /Users/mdupont/.p2/pool/plugins/fr.ac6.mcu.externaltools.arm-none.macos64_1.15.0.201708311556/tools/compiler/bin/../lib/gcc/arm-none-eabi/6.3.1/../../../../arm-none-eabi/lib/thumb/v7e-m/fpv4-sp/hard/libc_nano.a(lib_a-strtoul.o)
 *fill*         0x00000000080076ee        0x2 
 .text._strtoul_r
                0x00000000080076f0       0x24 /Users/mdupont/.p2/pool/plugins/fr.ac6.mcu.externaltools.arm-none.macos64_1.15.0.201708311556/tools/compiler/bin/../lib/gcc/arm-none-eabi/6.3.1/../../../../arm-none-eabi/lib/thumb/v7e-m/fpv4-sp/hard/libc_nano.a(lib_a-strtoul.o)
                0x00000000080076f0                _strtoul_r
 .text.__submore
                0x0000000008007714       0x76 /Users/mdupont/.p2/pool/plugins/fr.ac6.mcu.externaltools.arm-none.macos64_1.15.0.201708311556/tools/compiler/bin/../lib/gcc/arm-none-eabi/6.3.1/../../../../arm-none-eabi/lib/thumb/v7e-m/fpv4-sp/hard/libc_nano.a(lib_a-ungetc.o)
                0x0000000008007714                __submore
 .text.memmove  0x000000000800778a       0x34 /Users/mdupont/.p2/pool/plugins/fr.ac6.mcu.externaltools.arm-none.macos64_1.15.0.201708311556/tools/compiler/bin/../lib/gcc/arm-none-eabi/6.3.1/../../../../arm-none-eabi/lib/thumb/v7e-m/fpv4-sp/hard/libc_nano.a(lib_a-memmove.o)
                0x000000000800778a                memmove
 *fill*         0x00000000080077be        0x2 
 .text._free_r  0x00000000080077c0       0x9c /Users/mdupont/.p2/pool/plugins/fr.ac6.mcu.externaltools.arm-none.macos64_1.15.0.201708311556/tools/compiler/bin/../lib/gcc/arm-none-eabi/6.3.1/../../../../arm-none-eabi/lib/thumb/v7e-m/fpv4-sp/hard/libc_nano.a(lib_a-nano-freer.o)
                0x00000000080077c0                _free_r
 .text._malloc_r
                0x000000000800785c       0xbc /Users/mdupont/.p2/pool/plugins/fr.ac6.mcu.externaltools.arm-none.macos64_1.15.0.201708311556/tools/compiler/bin/../lib/gcc/arm-none-eabi/6.3.1/../../../../arm-none-eabi/lib/thumb/v7e-m/fpv4-sp/hard/libc_nano.a(lib_a-nano-mallocr.o)
                0x000000000800785c                _malloc_r
 .text._realloc_r
                0x0000000008007918       0x4c /Users/mdupont/.p2/pool/plugins/fr.ac6.mcu.externaltools.arm-none.macos64_1.15.0.201708311556/tools/compiler/bin/../lib/gcc/arm-none-eabi/6.3.1/../../../../arm-none-eabi/lib/thumb/v7e-m/fpv4-sp/hard/libc_nano.a(lib_a-nano-reallocr.o)
                0x0000000008007918                _realloc_r
 .text._sbrk_r  0x0000000008007964       0x20 /Users/mdupont/.p2/pool/plugins/fr.ac6.mcu.externaltools.arm-none.macos64_1.15.0.201708311556/tools/compiler/bin/../lib/gcc/arm-none-eabi/6.3.1/../../../../arm-none-eabi/lib/thumb/v7e-m/fpv4-sp/hard/libc_nano.a(lib_a-sbrkr.o)
                0x0000000008007964                _sbrk_r
 .text.__malloc_lock
                0x0000000008007984        0x2 /Users/mdupont/.p2/pool/plugins/fr.ac6.mcu.externaltools.arm-none.macos64_1.15.0.201708311556/tools/compiler/bin/../lib/gcc/arm-none-eabi/6.3.1/../../../../arm-none-eabi/lib/thumb/v7e-m/fpv4-sp/hard/libc_nano.a(lib_a-mlock.o)
                0x0000000008007984                __malloc_lock
 .text.__malloc_unlock
                0x0000000008007986        0x2 /Users/mdupont/.p2/pool/plugins/fr.ac6.mcu.externaltools.arm-none.macos64_1.15.0.201708311556/tools/compiler/bin/../lib/gcc/arm-none-eabi/6.3.1/../../../../arm-none-eabi/lib/thumb/v7e-m/fpv4-sp/hard/libc_nano.a(lib_a-mlock.o)
                0x0000000008007986                __malloc_unlock
 .text._malloc_usable_size_r
                0x0000000008007988       0x12 /Users/mdupont/.p2/pool/plugins/fr.ac6.mcu.externaltools.arm-none.macos64_1.15.0.201708311556/tools/compiler/bin/../lib/gcc/arm-none-eabi/6.3.1/../../../../arm-none-eabi/lib/thumb/v7e-m/fpv4-sp/hard/libc_nano.a(lib_a-nano-msizer.o)
                0x0000000008007988                _malloc_usable_size_r
 *fill*         0x000000000800799a        0x2 
 .text._sbrk    0x000000000800799c       0x1c /Users/mdupont/.p2/pool/plugins/fr.ac6.mcu.externaltools.arm-none.macos64_1.15.0.201708311556/tools/compiler/bin/../lib/gcc/arm-none-eabi/6.3.1/../../../../arm-none-eabi/lib/thumb/v7e-m/fpv4-sp/hard/libnosys.a(sbrk.o)
                0x000000000800799c                _sbrk
 *(.glue_7)
 .glue_7        0x00000000080079b8        0x0 linker stubs
 *(.glue_7t)
 .glue_7t       0x00000000080079b8        0x0 linker stubs
 *(.eh_frame)
 .eh_frame      0x00000000080079b8        0x0 /Users/mdupont/.p2/pool/plugins/fr.ac6.mcu.externaltools.arm-none.macos64_1.15.0.201708311556/tools/compiler/bin/../lib/gcc/arm-none-eabi/6.3.1/thumb/v7e-m/fpv4-sp/hard/crtbegin.o
 *(.init)
 .init          0x00000000080079b8        0x4 /Users/mdupont/.p2/pool/plugins/fr.ac6.mcu.externaltools.arm-none.macos64_1.15.0.201708311556/tools/compiler/bin/../lib/gcc/arm-none-eabi/6.3.1/thumb/v7e-m/fpv4-sp/hard/crti.o
                0x00000000080079b8                _init
 .init          0x00000000080079bc        0x8 /Users/mdupont/.p2/pool/plugins/fr.ac6.mcu.externaltools.arm-none.macos64_1.15.0.201708311556/tools/compiler/bin/../lib/gcc/arm-none-eabi/6.3.1/thumb/v7e-m/fpv4-sp/hard/crtn.o
 *(.fini)
 .fini          0x00000000080079c4        0x4 /Users/mdupont/.p2/pool/plugins/fr.ac6.mcu.externaltools.arm-none.macos64_1.15.0.201708311556/tools/compiler/bin/../lib/gcc/arm-none-eabi/6.3.1/thumb/v7e-m/fpv4-sp/hard/crti.o
                0x00000000080079c4                _fini
 .fini          0x00000000080079c8        0x8 /Users/mdupont/.p2/pool/plugins/fr.ac6.mcu.externaltools.arm-none.macos64_1.15.0.201708311556/tools/compiler/bin/../lib/gcc/arm-none-eabi/6.3.1/thumb/v7e-m/fpv4-sp/hard/crtn.o
                0x00000000080079d0                . = ALIGN (0x4)
                0x00000000080079d0                _etext = .

.vfp11_veneer   0x00000000080079d0        0x0
 .vfp11_veneer  0x00000000080079d0        0x0 linker stubs

.v4_bx          0x00000000080079d0        0x0
 .v4_bx         0x00000000080079d0        0x0 linker stubs

.iplt           0x00000000080079d0        0x0
 .iplt          0x00000000080079d0        0x0 /Users/mdupont/.p2/pool/plugins/fr.ac6.mcu.externaltools.arm-none.macos64_1.15.0.201708311556/tools/compiler/bin/../lib/gcc/arm-none-eabi/6.3.1/thumb/v7e-m/fpv4-sp/hard/crtbegin.o

.rodata         0x00000000080079d0      0x504
                0x00000000080079d0                . = ALIGN (0x4)
 *(.rodata)
 .rodata        0x00000000080079d0       0x20 Drivers/STM32F3xx_HAL_Driver/Src/stm32f3xx_hal_rcc.o
                0x00000000080079d0                aPLLMULFactorTable
                0x00000000080079e0                aPredivFactorTable
 .rodata        0x00000000080079f0        0x4 Src/FlashSupport.o
                0x00000000080079f0                versionCode
 .rodata        0x00000000080079f4       0x44 Src/freertos.o
 .rodata        0x0000000008007a38       0x18 Src/system_stm32f3xx.o
                0x0000000008007a38                AHBPrescTable
                0x0000000008007a48                APBPrescTable
 .rodata        0x0000000008007a50        0xc /Users/mdupont/.p2/pool/plugins/fr.ac6.mcu.externaltools.arm-none.macos64_1.15.0.201708311556/tools/compiler/bin/../lib/gcc/arm-none-eabi/6.3.1/../../../../arm-none-eabi/lib/thumb/v7e-m/fpv4-sp/hard/libc_nano.a(lib_a-nano-vfscanf_i.o)
 *(.rodata*)
 .rodata.str1.4
                0x0000000008007a5c        0x0 Middlewares/Third_Party/FreeRTOS/Source/CMSIS_RTOS/cmsis_os.o
                                          0x1 (size before relaxing)
 .rodata.str1.4
                0x0000000008007a5c        0x5 Middlewares/Third_Party/FreeRTOS/Source/tasks.o
 *fill*         0x0000000008007a61        0x3 
 .rodata.str1.4
                0x0000000008007a64       0x10 Middlewares/Third_Party/FreeRTOS/Source/timers.o
 .rodata.str1.4
                0x0000000008007a74       0x5e Src/CANHandler.o
                                         0x62 (size before relaxing)
 *fill*         0x0000000008007ad2        0x2 
 .rodata.str1.4
                0x0000000008007ad4       0x60 Src/FlashSupport.o
 .rodata.str1.4
                0x0000000008007b34      0x188 Src/UARTHandler.o
                                        0x18c (size before relaxing)
 .rodata.str1.4
                0x0000000008007cbc        0xd Src/can.o
 *fill*         0x0000000008007cc9        0x3 
 .rodata.str1.4
                0x0000000008007ccc       0x2c Src/freertos.o
 .rodata.str1.4
                0x0000000008007cf8        0xe Src/main.o
 *fill*         0x0000000008007d06        0x2 
 .rodata.str1.4
                0x0000000008007d08       0x10 Src/usart.o
                                          0xf (size before relaxing)
 .rodata._setlocale_r.str1.1
                0x0000000008007d18        0x8 /Users/mdupont/.p2/pool/plugins/fr.ac6.mcu.externaltools.arm-none.macos64_1.15.0.201708311556/tools/compiler/bin/../lib/gcc/arm-none-eabi/6.3.1/../../../../arm-none-eabi/lib/thumb/v7e-m/fpv4-sp/hard/libc_nano.a(lib_a-locale.o)
                                          0x9 (size before relaxing)
 .rodata.str1.1
                0x0000000008007d20        0x2 /Users/mdupont/.p2/pool/plugins/fr.ac6.mcu.externaltools.arm-none.macos64_1.15.0.201708311556/tools/compiler/bin/../lib/gcc/arm-none-eabi/6.3.1/../../../../arm-none-eabi/lib/thumb/v7e-m/fpv4-sp/hard/libc_nano.a(lib_a-locale.o)
 .rodata._ctype_
                0x0000000008007d22      0x101 /Users/mdupont/.p2/pool/plugins/fr.ac6.mcu.externaltools.arm-none.macos64_1.15.0.201708311556/tools/compiler/bin/../lib/gcc/arm-none-eabi/6.3.1/../../../../arm-none-eabi/lib/thumb/v7e-m/fpv4-sp/hard/libc_nano.a(lib_a-ctype_.o)
                0x0000000008007d22                _ctype_
 .rodata._svfprintf_r.str1.1
                0x0000000008007e23       0x11 /Users/mdupont/.p2/pool/plugins/fr.ac6.mcu.externaltools.arm-none.macos64_1.15.0.201708311556/tools/compiler/bin/../lib/gcc/arm-none-eabi/6.3.1/../../../../arm-none-eabi/lib/thumb/v7e-m/fpv4-sp/hard/libc_nano.a(lib_a-nano-svfprintf.o)
 .rodata.__ssvfscanf_r.str1.1
                0x0000000008007e34        0x4 /Users/mdupont/.p2/pool/plugins/fr.ac6.mcu.externaltools.arm-none.macos64_1.15.0.201708311556/tools/compiler/bin/../lib/gcc/arm-none-eabi/6.3.1/../../../../arm-none-eabi/lib/thumb/v7e-m/fpv4-sp/hard/libc_nano.a(lib_a-nano-svfscanf.o)
 .rodata._printf_i.str1.1
                0x0000000008007e34       0x22 /Users/mdupont/.p2/pool/plugins/fr.ac6.mcu.externaltools.arm-none.macos64_1.15.0.201708311556/tools/compiler/bin/../lib/gcc/arm-none-eabi/6.3.1/../../../../arm-none-eabi/lib/thumb/v7e-m/fpv4-sp/hard/libc_nano.a(lib_a-nano-vfprintf_i.o)
 .rodata._scanf_i.str1.1
                0x0000000008007e56       0x12 /Users/mdupont/.p2/pool/plugins/fr.ac6.mcu.externaltools.arm-none.macos64_1.15.0.201708311556/tools/compiler/bin/../lib/gcc/arm-none-eabi/6.3.1/../../../../arm-none-eabi/lib/thumb/v7e-m/fpv4-sp/hard/libc_nano.a(lib_a-nano-vfscanf_i.o)
 .rodata.str1.1
                0x0000000008007e68        0x9 /Users/mdupont/.p2/pool/plugins/fr.ac6.mcu.externaltools.arm-none.macos64_1.15.0.201708311556/tools/compiler/bin/../lib/gcc/arm-none-eabi/6.3.1/../../../../arm-none-eabi/lib/thumb/v7e-m/fpv4-sp/hard/libc_nano.a(lib_a-nano-vfscanf_i.o)
 *fill*         0x0000000008007e71        0x3 
 .rodata.__sf_fake_stderr
                0x0000000008007e74       0x20 /Users/mdupont/.p2/pool/plugins/fr.ac6.mcu.externaltools.arm-none.macos64_1.15.0.201708311556/tools/compiler/bin/../lib/gcc/arm-none-eabi/6.3.1/../../../../arm-none-eabi/lib/thumb/v7e-m/fpv4-sp/hard/libc_nano.a(lib_a-findfp.o)
                0x0000000008007e74                __sf_fake_stderr
 .rodata.__sf_fake_stdin
                0x0000000008007e94       0x20 /Users/mdupont/.p2/pool/plugins/fr.ac6.mcu.externaltools.arm-none.macos64_1.15.0.201708311556/tools/compiler/bin/../lib/gcc/arm-none-eabi/6.3.1/../../../../arm-none-eabi/lib/thumb/v7e-m/fpv4-sp/hard/libc_nano.a(lib_a-findfp.o)
                0x0000000008007e94                __sf_fake_stdin
 .rodata.__sf_fake_stdout
                0x0000000008007eb4       0x20 /Users/mdupont/.p2/pool/plugins/fr.ac6.mcu.externaltools.arm-none.macos64_1.15.0.201708311556/tools/compiler/bin/../lib/gcc/arm-none-eabi/6.3.1/../../../../arm-none-eabi/lib/thumb/v7e-m/fpv4-sp/hard/libc_nano.a(lib_a-findfp.o)
                0x0000000008007eb4                __sf_fake_stdout
                0x0000000008007ed4                . = ALIGN (0x4)

.rel.dyn        0x0000000008007ed4        0x0
 .rel.iplt      0x0000000008007ed4        0x0 /Users/mdupont/.p2/pool/plugins/fr.ac6.mcu.externaltools.arm-none.macos64_1.15.0.201708311556/tools/compiler/bin/../lib/gcc/arm-none-eabi/6.3.1/thumb/v7e-m/fpv4-sp/hard/crtbegin.o

.ARM.extab
 *(.ARM.extab* .gnu.linkonce.armextab.*)

.ARM            0x0000000008007ed4        0x0
                0x0000000008007ed4                __exidx_start = .
 *(.ARM.exidx*)
                0x0000000008007ed4                __exidx_end = .

.preinit_array  0x0000000008007ed4        0x0
                0x0000000008007ed4                PROVIDE (__preinit_array_start, .)
 *(.preinit_array*)
                0x0000000008007ed4                PROVIDE (__preinit_array_end, .)

.init_array     0x0000000008007ed4        0x4
                0x0000000008007ed4                PROVIDE (__init_array_start, .)
 *(SORT(.init_array.*))
 *(.init_array*)
 .init_array    0x0000000008007ed4        0x4 /Users/mdupont/.p2/pool/plugins/fr.ac6.mcu.externaltools.arm-none.macos64_1.15.0.201708311556/tools/compiler/bin/../lib/gcc/arm-none-eabi/6.3.1/thumb/v7e-m/fpv4-sp/hard/crtbegin.o
                0x0000000008007ed8                PROVIDE (__init_array_end, .)

.fini_array     0x0000000008007ed8        0x4
                [!provide]                        PROVIDE (__fini_array_start, .)
 *(SORT(.fini_array.*))
 *(.fini_array*)
 .fini_array    0x0000000008007ed8        0x4 /Users/mdupont/.p2/pool/plugins/fr.ac6.mcu.externaltools.arm-none.macos64_1.15.0.201708311556/tools/compiler/bin/../lib/gcc/arm-none-eabi/6.3.1/thumb/v7e-m/fpv4-sp/hard/crtbegin.o
                [!provide]                        PROVIDE (__fini_array_end, .)
                0x0000000008007edc                _sidata = LOADADDR (.data)

.data           0x0000000020000000      0x2a8 load address 0x0000000008007edc
                0x0000000020000000                . = ALIGN (0x4)
                0x0000000020000000                _sdata = .
 *(.data)
 .data          0x0000000020000000        0x8 Drivers/STM32F3xx_HAL_Driver/Src/stm32f3xx_hal.o
                0x0000000020000000                uwTickFreq
                0x0000000020000004                uwTickPrio
 .data          0x0000000020000008        0x4 Middlewares/Third_Party/FreeRTOS/Source/portable/GCC/ARM_CM4F/port.o
 .data          0x000000002000000c        0xc Src/CANHandler.o
                0x0000000020000014                flashRate
 .data          0x0000000020000018        0x8 Src/FlashSupport.o
                0x0000000020000018                loadId
                0x000000002000001c                versionString
 .data          0x0000000020000020       0xb4 Src/UARTHandler.o
                0x0000000020000020                commandTable
 .data          0x00000000200000d4        0x4 Src/system_stm32f3xx.o
                0x00000000200000d4                SystemCoreClock
 *(.data*)
 .data._impure_ptr
                0x00000000200000d8        0x4 /Users/mdupont/.p2/pool/plugins/fr.ac6.mcu.externaltools.arm-none.macos64_1.15.0.201708311556/tools/compiler/bin/../lib/gcc/arm-none-eabi/6.3.1/../../../../arm-none-eabi/lib/thumb/v7e-m/fpv4-sp/hard/libc_nano.a(lib_a-impure.o)
                0x00000000200000d8                _impure_ptr
 .data.impure_data
                0x00000000200000dc       0x60 /Users/mdupont/.p2/pool/plugins/fr.ac6.mcu.externaltools.arm-none.macos64_1.15.0.201708311556/tools/compiler/bin/../lib/gcc/arm-none-eabi/6.3.1/../../../../arm-none-eabi/lib/thumb/v7e-m/fpv4-sp/hard/libc_nano.a(lib_a-impure.o)
 .data.__global_locale
                0x000000002000013c      0x16c /Users/mdupont/.p2/pool/plugins/fr.ac6.mcu.externaltools.arm-none.macos64_1.15.0.201708311556/tools/compiler/bin/../lib/gcc/arm-none-eabi/6.3.1/../../../../arm-none-eabi/lib/thumb/v7e-m/fpv4-sp/hard/libc_nano.a(lib_a-locale.o)
                0x000000002000013c                __global_locale
                0x00000000200002a8                . = ALIGN (0x4)
                0x00000000200002a8                _edata = .
                0x0000000008008184                _siccmram = LOADADDR (.ccmram)

.jcr            0x00000000200002a8        0x0 load address 0x0000000008008184
 .jcr           0x00000000200002a8        0x0 /Users/mdupont/.p2/pool/plugins/fr.ac6.mcu.externaltools.arm-none.macos64_1.15.0.201708311556/tools/compiler/bin/../lib/gcc/arm-none-eabi/6.3.1/thumb/v7e-m/fpv4-sp/hard/crtbegin.o

.igot.plt       0x00000000200002a8        0x0 load address 0x0000000008008184
 .igot.plt      0x00000000200002a8        0x0 /Users/mdupont/.p2/pool/plugins/fr.ac6.mcu.externaltools.arm-none.macos64_1.15.0.201708311556/tools/compiler/bin/../lib/gcc/arm-none-eabi/6.3.1/thumb/v7e-m/fpv4-sp/hard/crtbegin.o

.ccmram         0x0000000010000000        0x0 load address 0x0000000008008184
                0x0000000010000000                . = ALIGN (0x4)
                0x0000000010000000                _sccmram = .
 *(.ccmram)
 *(.ccmram*)
                0x0000000010000000                . = ALIGN (0x4)
                0x0000000010000000                _eccmram = .
                0x0000000010000000                . = ALIGN (0x4)

.bss            0x00000000200002a8     0xbf54
                0x00000000200002a8                _sbss = .
                0x00000000200002a8                __bss_start__ = _sbss
 *(.bss)
 .bss           0x00000000200002a8       0x1c /Users/mdupont/.p2/pool/plugins/fr.ac6.mcu.externaltools.arm-none.macos64_1.15.0.201708311556/tools/compiler/bin/../lib/gcc/arm-none-eabi/6.3.1/thumb/v7e-m/fpv4-sp/hard/crtbegin.o
 .bss           0x00000000200002c4      0x12c Middlewares/Third_Party/FreeRTOS/Source/tasks.o
                0x00000000200003c4                pxCurrentTCB
 .bss           0x00000000200003f0       0x3c Middlewares/Third_Party/FreeRTOS/Source/timers.o
 .bss           0x000000002000042c        0x8 Middlewares/Third_Party/FreeRTOS/Source/portable/GCC/ARM_CM4F/port.o
 .bss           0x0000000020000434     0xbb98 Middlewares/Third_Party/FreeRTOS/Source/portable/MemMang/heap_4.o
 .bss           0x000000002000bfcc       0x18 Src/CANHandler.o
                0x000000002000bfcc                flashMe
                0x000000002000bfcd                loadTimerExpired
                0x000000002000bfce                LEDState_On
                0x000000002000bfd8                nodeSentLoadError
                0x000000002000bfd9                masterLoadError
                0x000000002000bfda                packetSequenceIndex
                0x000000002000bfdb                packetByteIndex
                0x000000002000bfde                childLoadError
                0x000000002000bfdf                loadRxSeq
                0x000000002000bfe0                loadBlockCount
 .bss           0x000000002000bfe4        0x6 Src/FlashSupport.o
                0x000000002000bfe4                loadIndex
                0x000000002000bfe9                loadStartOk
 .bss           0x000000002000bfea        0x7 Src/UARTHandler.o
                0x000000002000bfea                timerFlag_loadTimer
                0x000000002000bfec                txCplt
                0x000000002000bfed                UART_Raw
                0x000000002000bfee                char2q
                0x000000002000bfef                trafficOnUART
 *(.bss*)
 *fill*         0x000000002000bff1        0x3 
 .bss.__malloc_free_list
                0x000000002000bff4        0x4 /Users/mdupont/.p2/pool/plugins/fr.ac6.mcu.externaltools.arm-none.macos64_1.15.0.201708311556/tools/compiler/bin/../lib/gcc/arm-none-eabi/6.3.1/../../../../arm-none-eabi/lib/thumb/v7e-m/fpv4-sp/hard/libc_nano.a(lib_a-nano-mallocr.o)
                0x000000002000bff4                __malloc_free_list
 .bss.__malloc_sbrk_start
                0x000000002000bff8        0x4 /Users/mdupont/.p2/pool/plugins/fr.ac6.mcu.externaltools.arm-none.macos64_1.15.0.201708311556/tools/compiler/bin/../lib/gcc/arm-none-eabi/6.3.1/../../../../arm-none-eabi/lib/thumb/v7e-m/fpv4-sp/hard/libc_nano.a(lib_a-nano-mallocr.o)
                0x000000002000bff8                __malloc_sbrk_start
 .bss.heap_end.5239
                0x000000002000bffc        0x4 /Users/mdupont/.p2/pool/plugins/fr.ac6.mcu.externaltools.arm-none.macos64_1.15.0.201708311556/tools/compiler/bin/../lib/gcc/arm-none-eabi/6.3.1/../../../../arm-none-eabi/lib/thumb/v7e-m/fpv4-sp/hard/libnosys.a(sbrk.o)
 *(COMMON)
 COMMON         0x000000002000c000        0x4 Drivers/STM32F3xx_HAL_Driver/Src/stm32f3xx_hal.o
                0x000000002000c000                uwTick
 *fill*         0x000000002000c004        0x4 
 COMMON         0x000000002000c008       0x20 Drivers/STM32F3xx_HAL_Driver/Src/stm32f3xx_hal_flash.o
                0x000000002000c008                pFlash
 COMMON         0x000000002000c028       0x40 Middlewares/Third_Party/FreeRTOS/Source/queue.o
                0x000000002000c028                xQueueRegistry
 COMMON         0x000000002000c068       0x9c Src/CANHandler.o
                0x000000002000c068                sFilterConfig
                0x000000002000c090                RxHeader_0
                0x000000002000c0ac                RxData_0
                0x000000002000c0b4                TxData
                0x000000002000c0bc                RxData_1
                0x000000002000c0c4                TxMailbox
                0x000000002000c0c8                payload
                0x000000002000c0d0                TxHeader
                0x000000002000c0e8                RxHeader_1
 *fill*         0x000000002000c104        0x4 
 COMMON         0x000000002000c108       0x24 Src/FlashSupport.o
                0x000000002000c108                bytePacket
                0x000000002000c110                loadBasePtr
                0x000000002000c114                JumpAddress
                0x000000002000c118                StackVal
                0x000000002000c11c                BaseOfUpperExec
                0x000000002000c120                BaseOfLowerExec
                0x000000002000c124                loadPtr
                0x000000002000c128                JumpToApplication
 COMMON         0x000000002000c12c       0x14 Src/UARTHandler.o
                0x000000002000c12c                qStruct
 COMMON         0x000000002000c140       0x28 Src/can.o
                0x000000002000c140                hcan
 COMMON         0x000000002000c168       0x20 Src/freertos.o
                0x000000002000c168                UARTContrlHandle
                0x000000002000c16c                UARTReceiveTaskHandle
                0x000000002000c170                defaultTaskHandle
                0x000000002000c174                LEDFlashHandle
                0x000000002000c178                FileTransferHandle
                0x000000002000c17c                CAN_ReceiveHandle
                0x000000002000c180                CANReceiveTaskHandle
                0x000000002000c184                CAN_LoadErrorHandle
 COMMON         0x000000002000c188       0x70 Src/usart.o
                0x000000002000c188                huart2
 COMMON         0x000000002000c1f8        0x4 /Users/mdupont/.p2/pool/plugins/fr.ac6.mcu.externaltools.arm-none.macos64_1.15.0.201708311556/tools/compiler/bin/../lib/gcc/arm-none-eabi/6.3.1/../../../../arm-none-eabi/lib/thumb/v7e-m/fpv4-sp/hard/libc_nano.a(lib_a-reent.o)
                0x000000002000c1f8                errno
                0x000000002000c1fc                . = ALIGN (0x4)
                0x000000002000c1fc                _ebss = .
                0x000000002000c1fc                __bss_end__ = _ebss

._user_heap_stack
                0x000000002000c1fc      0x604
                0x000000002000c200                . = ALIGN (0x8)
 *fill*         0x000000002000c1fc        0x4 
                0x000000002000c200                PROVIDE (end, .)
                [!provide]                        PROVIDE (_end, .)
                0x000000002000c400                . = (. + _Min_Heap_Size)
 *fill*         0x000000002000c200      0x200 
                0x000000002000c800                . = (. + _Min_Stack_Size)
 *fill*         0x000000002000c400      0x400 
                0x000000002000c800                . = ALIGN (0x8)

/DISCARD/
 libc.a(*)
 libm.a(*)
 libgcc.a(*)

.ARM.attributes
                0x0000000000000000       0x30
 *(.ARM.attributes)
 .ARM.attributes
                0x0000000000000000       0x22 /Users/mdupont/.p2/pool/plugins/fr.ac6.mcu.externaltools.arm-none.macos64_1.15.0.201708311556/tools/compiler/bin/../lib/gcc/arm-none-eabi/6.3.1/thumb/v7e-m/fpv4-sp/hard/crti.o
 .ARM.attributes
                0x0000000000000022       0x34 /Users/mdupont/.p2/pool/plugins/fr.ac6.mcu.externaltools.arm-none.macos64_1.15.0.201708311556/tools/compiler/bin/../lib/gcc/arm-none-eabi/6.3.1/thumb/v7e-m/fpv4-sp/hard/crtbegin.o
 .ARM.attributes
                0x0000000000000056       0x39 Drivers/STM32F3xx_HAL_Driver/Src/stm32f3xx_hal.o
 .ARM.attributes
                0x000000000000008f       0x39 Drivers/STM32F3xx_HAL_Driver/Src/stm32f3xx_hal_can.o
 .ARM.attributes
                0x00000000000000c8       0x39 Drivers/STM32F3xx_HAL_Driver/Src/stm32f3xx_hal_cortex.o
 .ARM.attributes
                0x0000000000000101       0x39 Drivers/STM32F3xx_HAL_Driver/Src/stm32f3xx_hal_dma.o
 .ARM.attributes
                0x000000000000013a       0x39 Drivers/STM32F3xx_HAL_Driver/Src/stm32f3xx_hal_flash.o
 .ARM.attributes
                0x0000000000000173       0x39 Drivers/STM32F3xx_HAL_Driver/Src/stm32f3xx_hal_flash_ex.o
 .ARM.attributes
                0x00000000000001ac       0x39 Drivers/STM32F3xx_HAL_Driver/Src/stm32f3xx_hal_gpio.o
 .ARM.attributes
                0x00000000000001e5       0x39 Drivers/STM32F3xx_HAL_Driver/Src/stm32f3xx_hal_rcc.o
 .ARM.attributes
                0x000000000000021e       0x39 Drivers/STM32F3xx_HAL_Driver/Src/stm32f3xx_hal_rcc_ex.o
 .ARM.attributes
                0x0000000000000257       0x39 Drivers/STM32F3xx_HAL_Driver/Src/stm32f3xx_hal_uart.o
 .ARM.attributes
                0x0000000000000290       0x39 Drivers/STM32F3xx_HAL_Driver/Src/stm32f3xx_hal_uart_ex.o
 .ARM.attributes